Archive member included because of file (symbol)

/usr/local/armv7-hard/bin/../lib/gcc/arm-unknown-linux-gnueabi/4.6.3/libgcc.a(_udivsi3.o)
                              arch/arm/cpu/arm926ejs/versatile/libversatile.o (__aeabi_uidiv)
/usr/local/armv7-hard/bin/../lib/gcc/arm-unknown-linux-gnueabi/4.6.3/libgcc.a(_divsi3.o)
                              common/libcommon.o (__aeabi_idiv)
/usr/local/armv7-hard/bin/../lib/gcc/arm-unknown-linux-gnueabi/4.6.3/libgcc.a(_lshrdi3.o)
                              lib/libgeneric.o (__aeabi_llsr)
/usr/local/armv7-hard/bin/../lib/gcc/arm-unknown-linux-gnueabi/4.6.3/libgcc.a(_ashldi3.o)
                              lib/libgeneric.o (__aeabi_llsl)
/usr/local/armv7-hard/bin/../lib/gcc/arm-unknown-linux-gnueabi/4.6.3/libgcc.a(_dvmd_lnx.o)
                              /usr/local/armv7-hard/bin/../lib/gcc/arm-unknown-linux-gnueabi/4.6.3/libgcc.a(_udivsi3.o) (__aeabi_idiv0)

Discarded input sections

 .data          0x00000000        0x0 arch/arm/cpu/arm926ejs/start.o
 .bss           0x00000000        0x0 arch/arm/cpu/arm926ejs/start.o
 .text          0x00000000        0x0 arch/arm/cpu/arm926ejs/libarm926ejs.o
 .text.invalidate_dcache_all
                0x00000000        0xc arch/arm/cpu/arm926ejs/libarm926ejs.o
 .text.invalidate_dcache_range
                0x00000000       0x28 arch/arm/cpu/arm926ejs/libarm926ejs.o
 .data          0x00000000        0x0 arch/arm/cpu/arm926ejs/libarm926ejs.o
 .bss           0x00000000        0x0 arch/arm/cpu/arm926ejs/libarm926ejs.o
 .text.udelay_masked
                0x00000000       0x58 arch/arm/cpu/arm926ejs/versatile/libversatile.o
 .text.get_ticks
                0x00000000       0x10 arch/arm/cpu/arm926ejs/versatile/libversatile.o
 .text.get_tbclk
                0x00000000        0xc arch/arm/cpu/arm926ejs/versatile/libversatile.o
 .data          0x00000000        0x0 arch/arm/cpu/arm926ejs/versatile/libversatile.o
 .bss           0x00000000        0x0 arch/arm/cpu/arm926ejs/versatile/libversatile.o
 .text.__red_led_off
                0x00000000        0x4 arch/arm/lib/libarm.o
 .text.__green_led_on
                0x00000000        0x4 arch/arm/lib/libarm.o
 .text.__green_led_off
                0x00000000        0x4 arch/arm/lib/libarm.o
 .text.__yellow_led_on
                0x00000000        0x4 arch/arm/lib/libarm.o
 .text.__yellow_led_off
                0x00000000        0x4 arch/arm/lib/libarm.o
 .text.__blue_led_on
                0x00000000        0x4 arch/arm/lib/libarm.o
 .text.__blue_led_off
                0x00000000        0x4 arch/arm/lib/libarm.o
 .text.__flush_cache
                0x00000000       0x14 arch/arm/lib/libarm.o
 .text.__flush_dcache_all
                0x00000000        0xc arch/arm/lib/libarm.o
 .text.__mmu_page_table_flush
                0x00000000        0x4 arch/arm/lib/libarm.o
 .text.mmu_set_region_dcache_behaviour
                0x00000000       0x50 arch/arm/lib/libarm.o
 .text.icache_status
                0x00000000       0x14 arch/arm/lib/libarm.o
 .text.dcache_enable
                0x00000000        0x8 arch/arm/lib/libarm.o
 .text.dcache_status
                0x00000000       0x14 arch/arm/lib/libarm.o
 .data          0x00000000        0x0 arch/arm/lib/libarm.o
 .bss           0x00000000        0x0 arch/arm/lib/libarm.o
 .text          0x00000000        0x0 common/libcommon.o
 .text.setenv_ulong
                0x00000000       0x20 common/libcommon.o
 .text.getenv_hex
                0x00000000       0x34 common/libcommon.o
 .text.serial_printf
                0x00000000       0x40 common/libcommon.o
 .text.fprintf  0x00000000       0x48 common/libcommon.o
 .text.disable_ctrlc
                0x00000000       0x18 common/libcommon.o
 .text.dbg      0x00000000        0xc common/libcommon.o
 .text.cfree    0x00000000        0x4 common/libcommon.o
 .text.memalign
                0x00000000      0x110 common/libcommon.o
 .text.pvalloc  0x00000000       0x18 common/libcommon.o
 .text.valloc   0x00000000        0xc common/libcommon.o
 .text.realloc  0x00000000      0x408 common/libcommon.o
 .text.malloc_usable_size
                0x00000000       0x3c common/libcommon.o
 .text.mallopt  0x00000000       0x70 common/libcommon.o
 .text.env_import
                0x00000000       0xdc common/libcommon.o
 .text.env_flags_parse_varaccess_from_binflags
                0x00000000       0x4c common/libcommon.o
 .text.hash_block
                0x00000000       0x74 common/libcommon.o
 .text.getenv_bootm_mapsize
                0x00000000       0x30 common/libcommon.o
 .text.get_table_entry_id
                0x00000000       0x4c common/libcommon.o
 .text.genimg_get_os_id
                0x00000000       0x18 common/libcommon.o
 .text.genimg_get_arch_id
                0x00000000       0x18 common/libcommon.o
 .text.genimg_get_type_id
                0x00000000       0x18 common/libcommon.o
 .text.genimg_get_comp_id
                0x00000000       0x18 common/libcommon.o
 .text.genimg_has_config
[...]
Memory Configuration

Name             Origin             Length             Attributes
*default*        0x00000000         0xffffffff

Linker script and memory map

                0x00000000                . = 0x0
                0x00000000                . = ALIGN (0x4)

.text           0x00010000    0x101dc
 *(.__image_copy_start)
 .__image_copy_start
                0x00010000        0x0 arch/arm/lib/libarm.o
                0x00010000                __image_copy_start
 arch/arm/cpu/arm926ejs/start.o(.text*)
 .text          0x00010000      0x360 arch/arm/cpu/arm926ejs/start.o
                0x00010000                _start
                0x00010040                _TEXT_BASE
                0x00010044                _bss_start_ofs
                0x00010048                _bss_end_ofs
                0x0001004c                _end_ofs
                0x00010050                IRQ_STACK_START_IN
                0x0001006c                c_runtime_cpu_setup
 *(.text*)
 .text.cleanup_before_linux
                0x00010360       0x24 arch/arm/cpu/arm926ejs/libarm926ejs.o
                0x00010360                cleanup_before_linux
 .text.flush_dcache_all
                0x00010384       0x14 arch/arm/cpu/arm926ejs/libarm926ejs.o
                0x00010384                flush_dcache_all
 .text.flush_dcache_range
                0x00010398       0x30 arch/arm/cpu/arm926ejs/libarm926ejs.o
                0x00010398                flush_dcache_range
 .text.flush_cache
                0x000103c8        0x8 arch/arm/cpu/arm926ejs/libarm926ejs.o
                0x000103c8                flush_cache
 .text.__l2_cache_disable
                0x000103d0        0x4 arch/arm/cpu/arm926ejs/libarm926ejs.o
                0x000103d0                l2_cache_disable
                0x000103d0                __l2_cache_disable
 *fill*         0x000103d4        0xc 00
 .text          0x000103e0       0x20 arch/arm/cpu/arm926ejs/versatile/libversatile.o
                0x000103e0                reset_cpu
 .text.reset_timer_masked
                0x00010400       0x1c arch/arm/cpu/arm926ejs/versatile/libversatile.o
                0x00010400                reset_timer_masked
 .text.timer_init
                0x0001041c       0x34 arch/arm/cpu/arm926ejs/versatile/libversatile.o
                0x0001041c                timer_init
 .text.get_timer_masked
                0x00010450       0x44 arch/arm/cpu/arm926ejs/versatile/libversatile.o
                0x00010450                get_timer_masked
 .text.get_timer
                0x00010494       0x14 arch/arm/cpu/arm926ejs/versatile/libversatile.o
                0x00010494                get_timer
 .text.__udelay
                0x000104a8       0x68 arch/arm/cpu/arm926ejs/versatile/libversatile.o
                0x000104a8                __udelay
 .text          0x00010510       0xe8 arch/arm/lib/libarm.o
                0x00010510                _main
                0x00010594                relocate_code
 .text.display_banner
                0x000105f8       0x20 arch/arm/lib/libarm.o
 .text.init_baudrate
                0x00010618       0x28 arch/arm/lib/libarm.o
 .text.mark_bootstage
                0x00010640       0x14 arch/arm/lib/libarm.o
 .text.__coloured_LED_init
                0x00010654        0x4 arch/arm/lib/libarm.o
                0x00010654                coloured_LED_init
                0x00010654                __coloured_LED_init
 .text.__red_led_on
                0x00010658        0x4 arch/arm/lib/libarm.o
                0x00010658                __red_led_on
                0x00010658                red_led_on
 .text.__dram_init_banksize
                0x0001065c       0x1c arch/arm/lib/libarm.o
                0x0001065c                __dram_init_banksize
                0x0001065c                dram_init_banksize
 .text.__arch_cpu_init
                0x00010678        0x8 arch/arm/lib/libarm.o
                0x00010678                arch_cpu_init
                0x00010678                __arch_cpu_init
 .text.__power_init_board
                0x00010680        0x8 arch/arm/lib/libarm.o
                0x00010680                __power_init_board
                0x00010680                power_init_board
 .text.board_init_f
                0x00010688      0x11c arch/arm/lib/libarm.o
                0x00010688                board_init_f
 .text.board_init_r
                0x000107a4       0xa4 arch/arm/lib/libarm.o
                0x000107a4                board_init_r
 .text.boot_jump_linux
                0x00010848       0xa0 arch/arm/lib/libarm.o
 .text.arch_lmb_reserve
                0x000108e8       0x24 arch/arm/lib/libarm.o
                0x000108e8                arch_lmb_reserve
 .text.setup_board_tags
                0x0001090c        0x4 arch/arm/lib/libarm.o
                0x0001090c                setup_board_tags
 .text.boot_prep_linux.isra.3
                0x00010910      0x104 arch/arm/lib/libarm.o
 .text.do_bootm_linux
                0x00010a14       0x60 arch/arm/lib/libarm.o
                0x00010a14                do_bootm_linux
 .text.interrupt_init
                0x00010a74       0x1c arch/arm/lib/libarm.o
                0x00010a74                interrupt_init
 .text.enable_interrupts
                0x00010a90        0x4 arch/arm/lib/libarm.o
                0x00010a90                enable_interrupts
 .text.disable_interrupts
                0x00010a94        0x8 arch/arm/lib/libarm.o
                0x00010a94                disable_interrupts
 .text.bad_mode
                0x00010a9c       0x10 arch/arm/lib/libarm.o
                0x00010a9c                bad_mode
 .text.show_regs
                0x00010aac      0x140 arch/arm/lib/libarm.o
                0x00010aac                show_regs
 .text.do_undefined_instruction
                0x00010bec       0x20 arch/arm/lib/libarm.o
                0x00010bec                do_undefined_instruction
 .text.do_software_interrupt
                0x00010c0c       0x20 arch/arm/lib/libarm.o
                0x00010c0c                do_software_interrupt
 .text.do_prefetch_abort
                0x00010c2c       0x20 arch/arm/lib/libarm.o
                0x00010c2c                do_prefetch_abort
 .text.do_data_abort
                0x00010c4c       0x20 arch/arm/lib/libarm.o
                0x00010c4c                do_data_abort
 .text.do_not_used
                0x00010c6c       0x20 arch/arm/lib/libarm.o
                0x00010c6c                do_not_used
 .text.do_fiq   0x00010c8c       0x20 arch/arm/lib/libarm.o
                0x00010c8c                do_fiq
 .text.do_irq   0x00010cac       0x20 arch/arm/lib/libarm.o
                0x00010cac                do_irq
 .text.do_reset
                0x00010ccc       0x30 arch/arm/lib/libarm.o
                0x00010ccc                do_reset
 .text.__enable_caches
                0x00010cfc        0xc arch/arm/lib/libarm.o
                0x00010cfc                enable_caches
                0x00010cfc                __enable_caches
 .text.cp_delay
                0x00010d08       0x30 arch/arm/lib/libarm.o
 .text.cache_disable
                0x00010d38       0x44 arch/arm/lib/libarm.o
 .text.__arm_init_before_mmu
                0x00010d7c        0x4 arch/arm/lib/libarm.o
                0x00010d7c                arm_init_before_mmu
                0x00010d7c                __arm_init_before_mmu
 .text.arm_init_domains
                0x00010d80        0x4 arch/arm/lib/libarm.o
                0x00010d80                arm_init_domains
 .text.set_section_dcache
                0x00010d84       0x14 arch/arm/lib/libarm.o
                0x00010d84                set_section_dcache
 .text.dram_bank_mmu_setup
                0x00010d98       0x44 arch/arm/lib/libarm.o
                0x00010d98                dram_bank_mmu_setup
 .text.cache_enable
                0x00010ddc       0x78 arch/arm/lib/libarm.o
 .text.icache_enable
                0x00010e54        0x8 arch/arm/lib/libarm.o
                0x00010e54                icache_enable
 .text.icache_disable
                0x00010e5c        0x8 arch/arm/lib/libarm.o
                0x00010e5c                icache_disable
 .text.dcache_disable
                0x00010e64        0x8 arch/arm/lib/libarm.o
                0x00010e64                dcache_disable
 .text.print_num
                0x00010e6c       0x18 common/libcommon.o
 .text.do_bdinfo
                0x00010e84      0x180 common/libcommon.o
                0x00010e84                do_bdinfo
 .text.do_go_exec
                0x00011004       0x18 common/libcommon.o
                0x00011004                do_go_exec
 .text.do_go    0x0001101c       0x6c common/libcommon.o
 .text.image_info
                0x00011088       0xe4 common/libcommon.o
 .text.copy_args
                0x0001116c       0x4c common/libcommon.o
 .text.do_bootm_rtems
                0x000111b8       0x50 common/libcommon.o
 .text.do_iminfo
                0x00011208       0x60 common/libcommon.o
 .text.do_bootm_plan9
                0x00011268       0xbc common/libcommon.o
 .text.do_bootm_netbsd
                0x00011324      0x108 common/libcommon.o
 .text.do_bootm_states.isra.15.constprop.16
                0x0001142c      0x834 common/libcommon.o
 .text.do_bootm
                0x00011c60       0xe0 common/libcommon.o
                0x00011c60                do_bootm
 .text.__arch_preboot_os
                0x00011d40        0x4 common/libcommon.o
                0x00011d40                arch_preboot_os
 .text.bootm_maybe_autostart
                0x00011d44       0x74 common/libcommon.o
                0x00011d44                bootm_maybe_autostart
 .text.do_csaw  0x00011db8       0x24 common/libcommon.o
 .text.do_flinfo
                0x00011ddc        0x8 common/libcommon.o
 .text.do_flerase
                0x00011de4        0x8 common/libcommon.o
 .text.do_protect
                0x00011dec       0x10 common/libcommon.o
 .text.do_help  0x00011dfc       0x44 common/libcommon.o
 .text.do_mem_loop
                0x00011e40      0x104 common/libcommon.o
 .text.do_mem_mw
                0x00011f44       0xb8 common/libcommon.o
 .text.do_mem_base
                0x00011ffc       0x40 common/libcommon.o
 .text.do_mem_cmp
                0x0001203c      0x150 common/libcommon.o
 .text.do_mem_crc
                0x0001218c       0x44 common/libcommon.o
 .text.do_mem_cp
                0x000121d0       0xd4 common/libcommon.o
 .text.do_mem_md
                0x000122a4       0xe4 common/libcommon.o
 .text.mod_mem.isra.2
                0x00012388      0x15c common/libcommon.o
 .text.do_mem_nm
                0x000124e4        0x8 common/libcommon.o
 .text.do_mem_mm
                0x000124ec        0x8 common/libcommon.o
 .text.netboot_common
                0x000124f4      0x29c common/libcommon.o
 .text.do_dhcp  0x00012790        0xc common/libcommon.o
 .text.do_bootp
                0x0001279c        0xc common/libcommon.o
 .text.do_tftpb
                0x000127a8       0x40 common/libcommon.o
                0x000127a8                do_tftpb
 .text.do_ping  0x000127e8       0x78 common/libcommon.o
 .text.do_env_delete
                0x00012860       0xa8 common/libcommon.o
 .text.env_print
                0x00012908       0xc8 common/libcommon.o
 .text.do_env_print
                0x000129d0       0xc4 common/libcommon.o
 .text.do_env   0x00012a94       0x60 common/libcommon.o
 .text.do_env_import
                0x00012af4      0x25c common/libcommon.o
 .text.do_env_default
                0x00012d50       0xb4 common/libcommon.o
 .text._do_env_set.isra.0
                0x00012e04      0x1d8 common/libcommon.o
 .text.do_env_set
                0x00012fdc       0x1c common/libcommon.o
 .text.get_env_id
                0x00012ff8       0x10 common/libcommon.o
                0x00012ff8                get_env_id
 .text.setenv   0x00013008       0x58 common/libcommon.o
                0x00013008                setenv
 .text.setenv_hex
                0x00013060       0x34 common/libcommon.o
                0x00013060                setenv_hex
 .text.do_env_export
                0x00013094      0x274 common/libcommon.o
 .text.envmatch
                0x00013308       0x6c common/libcommon.o
                0x00013308                envmatch
 .text.getenv_f
                0x00013374       0xbc common/libcommon.o
                0x00013374                getenv_f
 .text.getenv   0x00013430       0x78 common/libcommon.o
                0x00013430                getenv
 .text.getenv_ulong
                0x000134a8       0x30 common/libcommon.o
                0x000134a8                getenv_ulong
 .text.do_version
                0x000134d8       0x38 common/libcommon.o
 .text.find_cmd_tbl
                0x00013510       0x9c common/libcommon.o
                0x00013510                find_cmd_tbl
 .text.find_cmd
                0x000135ac       0x28 common/libcommon.o
                0x000135ac                find_cmd
 .text.cmd_usage
                0x000135d4       0x5c common/libcommon.o
                0x000135d4                cmd_usage
 .text._do_help
                0x00013630      0x184 common/libcommon.o
                0x00013630                _do_help
 .text.cmd_get_data_size
                0x000137b4       0x50 common/libcommon.o
                0x000137b4                cmd_get_data_size
 .text.cmd_process
                0x00013804       0xbc common/libcommon.o
                0x00013804                cmd_process
 .text.console_setfile
                0x000138c0       0xa4 common/libcommon.o
 .text.fgetc    0x00013964       0x2c common/libcommon.o
                0x00013964                fgetc
 .text.ftstc    0x00013990       0x2c common/libcommon.o
                0x00013990                ftstc
 .text.fputc    0x000139bc       0x28 common/libcommon.o
                0x000139bc                fputc
 .text.fputs    0x000139e4       0x28 common/libcommon.o
                0x000139e4                fputs
 .text.getc     0x00013a0c       0x24 common/libcommon.o
                0x00013a0c                getc
 .text.tstc     0x00013a30       0x24 common/libcommon.o
                0x00013a30                tstc
 .text.putc     0x00013a54       0x28 common/libcommon.o
                0x00013a54                putc
 .text.puts     0x00013a7c       0x28 common/libcommon.o
                0x00013a7c                puts
 .text.printf   0x00013aa4       0x4c common/libcommon.o
                0x00013aa4                printf
 .text.vprintf  0x00013af0       0x40 common/libcommon.o
                0x00013af0                vprintf
 .text.ctrlc    0x00013b30       0x54 common/libcommon.o
                0x00013b30                ctrlc
 .text.had_ctrlc
                0x00013b84       0x10 common/libcommon.o
                0x00013b84                had_ctrlc
 .text.clear_ctrlc
                0x00013b94       0x14 common/libcommon.o
                0x00013b94                clear_ctrlc
 .text.search_device
                0x00013ba8       0x28 common/libcommon.o
                0x00013ba8                search_device
 .text.console_assign
                0x00013bd0       0x40 common/libcommon.o
                0x00013bd0                console_assign
 .text.on_console
                0x00013c10       0xc4 common/libcommon.o
 .text.console_init_f
                0x00013cd4       0x10 common/libcommon.o
                0x00013cd4                console_init_f
 .text.stdio_print_current_devices
                0x00013ce4       0xb4 common/libcommon.o
                0x00013ce4                stdio_print_current_devices
 .text.console_init_r
                0x00013d98       0xe8 common/libcommon.o
                0x00013d98                console_init_r
 .text.sbrk     0x00013e80       0x6c common/libcommon.o
                0x00013e80                sbrk
 .text.mem_malloc_init
                0x00013eec       0x34 common/libcommon.o
                0x00013eec                mem_malloc_init
 .text.malloc_trim
                0x00013f20       0xd8 common/libcommon.o
                0x00013f20                malloc_trim
 .text.free     0x00013ff8      0x22c common/libcommon.o
                0x00013ff8                free
 .text.malloc   0x00014224      0x5fc common/libcommon.o
                0x00014224                malloc
 .text.calloc   0x00014820       0xd4 common/libcommon.o
                0x00014820                calloc
 .text.reverse_strstr.part.0
                0x000148f4       0x50 common/libcommon.o
 .text.env_attr_walk
                0x00014944      0x10c common/libcommon.o
                0x00014944                env_attr_walk
 .text.env_attr_lookup
                0x00014a50      0x144 common/libcommon.o
                0x00014a50                env_attr_lookup
 .text.clear_callback
                0x00014b94       0x10 common/libcommon.o
 .text.on_callbacks
                0x00014ba4       0x48 common/libcommon.o
 .text.find_env_callback
                0x00014bec       0x64 common/libcommon.o
 .text.set_callback
                0x00014c50       0x94 common/libcommon.o
 .text.env_callback_init
                0x00014ce4       0x9c common/libcommon.o
                0x00014ce4                env_callback_init
 .text.__env_get_char_spec
                0x00014d80        0xc common/libcommon.o
                0x00014d80                env_get_char_spec
 .text.env_get_addr
                0x00014d8c       0x24 common/libcommon.o
                0x00014d8c                env_get_addr
 .text.env_get_char_memory
                0x00014db0       0x10 common/libcommon.o
                0x00014db0                env_get_char_memory
 .text.env_get_char
                0x00014dc0       0x30 common/libcommon.o
                0x00014dc0                env_get_char
 .text.getenv_yesno
                0x00014df0       0x54 common/libcommon.o
                0x00014df0                getenv_yesno
 .text.getenv_default
                0x00014e44       0x30 common/libcommon.o
                0x00014e44                getenv_default
 .text.set_default_env
                0x00014e74       0xb8 common/libcommon.o
                0x00014e74                set_default_env
 .text.set_default_vars
                0x00014f2c       0x34 common/libcommon.o
                0x00014f2c                set_default_vars
 .text.env_relocate
                0x00014f60       0x14 common/libcommon.o
                0x00014f60                env_relocate
 .text.skip_num
                0x00014f74       0x70 common/libcommon.o
 .text.clear_flags
                0x00014fe4       0x10 common/libcommon.o
 .text.on_flags
                0x00014ff4       0x48 common/libcommon.o
 .text.env_flags_parse_vartype
                0x0001503c       0x4c common/libcommon.o
                0x0001503c                env_flags_parse_vartype
 .text.env_flags_parse_varaccess
                0x00015088       0x54 common/libcommon.o
                0x00015088                env_flags_parse_varaccess
 .text.set_flags
                0x000150dc       0xac common/libcommon.o
 .text.env_flags_init
                0x00015188       0xa8 common/libcommon.o
                0x00015188                env_flags_init
 .text.env_flags_validate
                0x00015230      0x310 common/libcommon.o
                0x00015230                env_flags_validate
 .text.env_relocate_spec
                0x00015540        0x4 common/libcommon.o
                0x00015540                env_relocate_spec
 .text.env_init
                0x00015544       0x18 common/libcommon.o
                0x00015544                env_init
 .text.dummy    0x0001555c        0x4 common/libcommon.o
 .text.get_version
                0x00015560        0x8 common/libcommon.o
                0x00015560                get_version
 .text.jumptable_init
                0x00015568      0x190 common/libcommon.o
                0x00015568                jumptable_init
 .text.hash_command
                0x000156f8       0xa0 common/libcommon.o
                0x000156f8                hash_command
 .text.on_loadaddr
                0x00015798       0x38 common/libcommon.o
 .text.image_check_hcrc
                0x000157d0       0x60 common/libcommon.o
                0x000157d0                image_check_hcrc
 .text.image_check_dcrc
                0x00015830       0x60 common/libcommon.o
                0x00015830                image_check_dcrc
 .text.image_multi_count
                0x00015890       0x24 common/libcommon.o
                0x00015890                image_multi_count
 .text.image_multi_getimg
                0x000158b4       0xa4 common/libcommon.o
                0x000158b4                image_multi_getimg
 .text.getenv_bootm_low
                0x00015958       0x28 common/libcommon.o
                0x00015958                getenv_bootm_low
 .text.getenv_bootm_size
                0x00015980       0x5c common/libcommon.o
                0x00015980                getenv_bootm_size
 .text.memmove_wd
                0x000159dc        0xc common/libcommon.o
                0x000159dc                memmove_wd
 .text.genimg_print_size
                0x000159e8       0x30 common/libcommon.o
                0x000159e8                genimg_print_size
 .text.get_table_entry_name
                0x00015a18       0x2c common/libcommon.o
                0x00015a18                get_table_entry_name
 .text.genimg_get_os_name
                0x00015a44       0x18 common/libcommon.o
                0x00015a44                genimg_get_os_name
 .text.genimg_get_arch_name
                0x00015a5c       0x18 common/libcommon.o
                0x00015a5c                genimg_get_arch_name
 .text.genimg_get_type_name
                0x00015a74       0x18 common/libcommon.o
                0x00015a74                genimg_get_type_name
 .text.genimg_get_comp_name
                0x00015a8c       0x18 common/libcommon.o
                0x00015a8c                genimg_get_comp_name
 .text.image_print_contents
                0x00015aa4      0x1ac common/libcommon.o
                0x00015aa4                image_print_contents
 .text.genimg_get_format
                0x00015c50       0x34 common/libcommon.o
                0x00015c50                genimg_get_format
 .text.genimg_get_image
                0x00015c84        0x4 common/libcommon.o
                0x00015c84                genimg_get_image
 .text.boot_get_ramdisk
                0x00015c88      0x268 common/libcommon.o
                0x00015c88                boot_get_ramdisk
 .text.boot_ramdisk_high
                0x00015ef0      0x120 common/libcommon.o
                0x00015ef0                boot_ramdisk_high
 .text.delete_char.part.1
                0x00016010       0xd4 common/libcommon.o
 .text.__show_boot_progress
                0x000160e4        0x4 common/libcommon.o
                0x000160e4                __show_boot_progress
                0x000160e4                show_boot_progress
 .text.readline_into_buffer
                0x000160e8      0x1e8 common/libcommon.o
                0x000160e8                readline_into_buffer
 .text.readline
                0x000162d0       0x14 common/libcommon.o
                0x000162d0                readline
 .text.parse_line
                0x000162e4       0x80 common/libcommon.o
                0x000162e4                parse_line
 .text.builtin_run_command
                0x00016364      0x328 common/libcommon.o
 .text.run_command
                0x0001668c       0x18 common/libcommon.o
                0x0001668c                run_command
 .text.run_command_list
                0x000166a4       0xec common/libcommon.o
                0x000166a4                run_command_list
 .text.main_loop
                0x00016790      0x17c common/libcommon.o
                0x00016790                main_loop
 .text.get_ram_size
                0x0001690c      0x108 common/libcommon.o
                0x0001690c                get_ram_size
 .text.stdio_get_list
                0x00016a14        0xc common/libcommon.o
                0x00016a14                stdio_get_list
 .text.stdio_get_by_name
                0x00016a20       0x54 common/libcommon.o
                0x00016a20                stdio_get_by_name
 .text.stdio_clone
                0x00016a74       0x38 common/libcommon.o
                0x00016a74                stdio_clone
 .text.stdio_register
                0x00016aac       0x44 common/libcommon.o
                0x00016aac                stdio_register
 .text.stdio_init
                0x00016af0       0x8c common/libcommon.o
                0x00016af0                stdio_init
 .text.smc_halt
                0x00016b7c       0x3c drivers/net/libnet.o
 .text.smc_write_hwaddr
                0x00016bb8       0x44 drivers/net/libnet.o
 .text.smc_read_phy_register
                0x00016bfc      0x15c drivers/net/libnet.o
 .text.smc_write_phy_register
                0x00016d58      0x15c drivers/net/libnet.o
 .text.smc_rcv  0x00016eb4      0x144 drivers/net/libnet.o
 .text.smc_send
                0x00016ff8      0x228 drivers/net/libnet.o
 .text.smc_init
                0x00017220      0x298 drivers/net/libnet.o
 .text.smc91111_initialize
                0x000174b8       0xf4 drivers/net/libnet.o
                0x000174b8                smc91111_initialize
 .text.get_current
                0x000175ac       0x3c drivers/serial/libserial.o
 .text.serial_null
                0x000175e8        0x4 drivers/serial/libserial.o
                0x000175e8                jz_serial_initialize
                0x000175e8                bfin_serial_initialize
                0x000175e8                p3mx_serial_initialize
                0x000175e8                leon2_serial_initialize
                0x000175e8                leon3_serial_initialize
                0x000175e8                amirix_serial_initialize
                0x000175e8                marvell_serial_initialize
                0x000175e8                cpci750_serial_initialize
                0x000175e8                ns16550_serial_initialize
                0x000175e8                asc_serial_initialize
                0x000175e8                altera_serial_initialize
                0x000175e8                oc_serial_initialize
                0x000175e8                sh_serial_initialize
                0x000175e8                arm_dcc_initialize
                0x000175e8                bmw_serial_initialize
                0x000175e8                mcf_serial_initialize
                0x000175e8                lh7a40x_serial_initialize
                0x000175e8                evb64260_serial_initialize
                0x000175e8                lpc32xx_serial_initialize
                0x000175e8                max3100_serial_initialize
                0x000175e8                mpc85xx_serial_initialize
                0x000175e8                imx_serial_initialize
                0x000175e8                ixp_serial_initialize
                0x000175e8                bfin_jtag_initialize
                0x000175e8                cogent_serial_initialize
                0x000175e8                clps7111_serial_initialize
                0x000175e8                ml2_serial_initialize
                0x000175e8                sandbox_serial_initialize
                0x000175e8                s3c24xx_serial_initialize
                0x000175e8                sconsole_serial_initialize
                0x000175e8                uartlite_serial_initialize
                0x000175e8                au1x00_serial_initialize
                0x000175e8                pxa_serial_initialize
                0x000175e8                atmel_serial_initialize
                0x000175e8                altera_jtag_serial_initialize
                0x000175e8                zynq_serial_initalize
                0x000175e8                mpc512x_serial_initialize
                0x000175e8                s5p_serial_initialize
                0x000175e8                ks8695_serial_initialize
                0x000175e8                sa1100_serial_initialize
                0x000175e8                mpc8260_scc_serial_initialize
                0x000175e8                mxc_serial_initialize
                0x000175e8                iop480_serial_initialize
                0x000175e8                s3c44b0_serial_initialize
                0x000175e8                mpc8xx_serial_initialize
                0x000175e8                mpc8260_smc_serial_initialize
                0x000175e8                mpc5xx_serial_initialize
 .text.serial_register
                0x000175ec       0x18 drivers/serial/libserial.o
                0x000175ec                serial_register
 .text.serial_stdio_init
                0x00017604       0x8c drivers/serial/libserial.o
                0x00017604                serial_stdio_init
 .text.serial_assign
                0x00017690       0x50 drivers/serial/libserial.o
                0x00017690                serial_assign
 .text.serial_initialize
                0x000176e0       0xd0 drivers/serial/libserial.o
                0x000176e0                serial_initialize
 .text.serial_init
                0x000177b0       0x14 drivers/serial/libserial.o
                0x000177b0                serial_init
 .text.serial_setbrg
                0x000177c4       0x14 drivers/serial/libserial.o
                0x000177c4                serial_setbrg
 .text.on_baudrate
                0x000177d8      0x104 drivers/serial/libserial.o
 .text.serial_getc
                0x000178dc       0x14 drivers/serial/libserial.o
                0x000178dc                serial_getc
 .text.serial_tstc
                0x000178f0       0x14 drivers/serial/libserial.o
                0x000178f0                serial_tstc
 .text.serial_putc
                0x00017904       0x1c drivers/serial/libserial.o
                0x00017904                serial_putc
 .text.serial_puts
                0x00017920       0x1c drivers/serial/libserial.o
                0x00017920                serial_puts
 .text.default_serial_puts
                0x0001793c       0x2c drivers/serial/libserial.o
                0x0001793c                default_serial_puts
 .text.pl01x_serial_init
                0x00017968       0x7c drivers/serial/libserial.o
 .text.pl01x_serial_putc
                0x000179e4       0x44 drivers/serial/libserial.o
 .text.pl01x_serial_getc
                0x00017a28       0x30 drivers/serial/libserial.o
 .text.pl01x_serial_tstc
                0x00017a58       0x1c drivers/serial/libserial.o
 .text.pl01x_serial_setbrg
                0x00017a74       0x38 drivers/serial/libserial.o
 .text.pl01x_serial_initialize
                0x00017aac        0xc drivers/serial/libserial.o
                0x00017aac                pl01x_serial_initialize
 .text.default_serial_console
                0x00017ab8        0xc drivers/serial/libserial.o
                0x00017ab8                default_serial_console
 .text.crc32_no_comp
                0x00017ac4       0xe0 lib/libgeneric.o
                0x00017ac4                crc32_no_comp
 .text.crc32    0x00017ba4       0x14 lib/libgeneric.o
                0x00017ba4                crc32
 .text.crc32_wd
                0x00017bb8        0x4 lib/libgeneric.o
                0x00017bb8                crc32_wd
 .text.print_size
                0x00017bbc      0x134 lib/libgeneric.o
                0x00017bbc                print_size
 .text.print_buffer
                0x00017cf0      0x1ac lib/libgeneric.o
                0x00017cf0                print_buffer
 .text.__div64_32
                0x00017e9c       0xe8 lib/libgeneric.o
                0x00017e9c                __div64_32
 .text.gzfree   0x00017f84        0x8 lib/libgeneric.o
                0x00017f84                gzfree
 .text.gzalloc  0x00017f8c       0x10 lib/libgeneric.o
                0x00017f8c                gzalloc
 .text.zunzip   0x00017f9c      0x124 lib/libgeneric.o
                0x00017f9c                zunzip
 .text.gunzip   0x000180c0       0xac lib/libgeneric.o
                0x000180c0                gunzip
 .text.hang     0x0001816c       0x1c lib/libgeneric.o
                0x0001816c                hang
 .text.cmpkey   0x00018188       0x14 lib/libgeneric.o
 .text._hdelete.isra.1
                0x0001819c       0x50 lib/libgeneric.o
 .text.drop_var_from_set.part.2
                0x000181ec       0x50 lib/libgeneric.o
 .text.match_string.isra.3
                0x0001823c       0x64 lib/libgeneric.o
 .text.hcreate_r
                0x000182a0       0xac lib/libgeneric.o
                0x000182a0                hcreate_r
 .text.hdestroy_r
                0x0001834c       0x74 lib/libgeneric.o
                0x0001834c                hdestroy_r
 .text.hsearch_r
                0x000183c0      0x4a4 lib/libgeneric.o
                0x000183c0                hsearch_r
 .text.hdelete_r
                0x00018864       0xe8 lib/libgeneric.o
                0x00018864                hdelete_r
 .text.hexport_r
                0x0001894c      0x308 lib/libgeneric.o
                0x0001894c                hexport_r
 .text.himport_r
                0x00018c54      0x32c lib/libgeneric.o
                0x00018c54                himport_r
 .text.hwalk_r  0x00018f80       0x58 lib/libgeneric.o
                0x00018f80                hwalk_r
 .text.skip_spaces
                0x00018fd8       0x28 lib/libgeneric.o
                0x00018fd8                skip_spaces
 .text.strim    0x00019000       0x58 lib/libgeneric.o
                0x00019000                strim
 .text.lmb_add_region
                0x00019058      0x1c8 lib/libgeneric.o
 .text.lmb_init
                0x00019220       0x28 lib/libgeneric.o
                0x00019220                lmb_init
 .text.lmb_add  0x00019248        0x4 lib/libgeneric.o
                0x00019248                lmb_add
 .text.lmb_reserve
                0x0001924c        0x8 lib/libgeneric.o
                0x0001924c                lmb_reserve
 .text.lmb_overlaps_region
                0x00019254       0x5c lib/libgeneric.o
                0x00019254                lmb_overlaps_region
 .text.__lmb_alloc_base
                0x000192b0      0x130 lib/libgeneric.o
                0x000192b0                __lmb_alloc_base
 .text.lmb_alloc_base
                0x000193e0       0x34 lib/libgeneric.o
                0x000193e0                lmb_alloc_base
 .text.lmb_alloc
                0x00019414        0x8 lib/libgeneric.o
                0x00019414                lmb_alloc
 .text.__board_lmb_reserve
                0x0001941c        0x4 lib/libgeneric.o
                0x0001941c                board_lmb_reserve
                0x0001941c                __board_lmb_reserve
 .text.string_to_ip
                0x00019420       0x70 lib/libgeneric.o
                0x00019420                string_to_ip
 .text.qsort    0x00019490       0xd0 lib/libgeneric.o
                0x00019490                qsort
 .text.strcpy   0x00019560       0x18 lib/libgeneric.o
                0x00019560                strcpy
 .text.strncpy  0x00019578       0x24 lib/libgeneric.o
                0x00019578                strncpy
 .text.strcmp   0x0001959c       0x28 lib/libgeneric.o
                0x0001959c                strcmp
 .text.strncmp  0x000195c4       0x44 lib/libgeneric.o
                0x000195c4                strncmp
 .text.strchr   0x00019608       0x34 lib/libgeneric.o
                0x00019608                strchr
 .text.strlen   0x0001963c       0x20 lib/libgeneric.o
                0x0001963c                strlen
 .text.strnlen  0x0001965c       0x2c lib/libgeneric.o
                0x0001965c                strnlen
 .text.strdup   0x00019688       0x34 lib/libgeneric.o
                0x00019688                strdup
 .text.strpbrk  0x000196bc       0x3c lib/libgeneric.o
                0x000196bc                strpbrk
 .text.memset   0x000196f8       0x70 lib/libgeneric.o
                0x000196f8                memset
 .text.memcpy   0x00019768       0x6c lib/libgeneric.o
                0x00019768                memcpy
 .text.memmove  0x000197d4       0x6c lib/libgeneric.o
                0x000197d4                memmove
 .text.memcmp   0x00019840       0x34 lib/libgeneric.o
                0x00019840                memcmp
 .text.strstr   0x00019874       0x60 lib/libgeneric.o
                0x00019874                strstr
 .text.udelay   0x000198d4       0x30 lib/libgeneric.o
                0x000198d4                udelay
 .text.mdelay   0x00019904       0x24 lib/libgeneric.o
                0x00019904                mdelay
 .text.put_dec_trunc
                0x00019928       0xe8 lib/libgeneric.o
 .text.put_dec  0x00019a10      0x158 lib/libgeneric.o
 .text.string.isra.0
                0x00019b68       0x9c lib/libgeneric.o
 .text.number.isra.4
                0x00019c04      0x278 lib/libgeneric.o
 .text.vsnprintf_internal.isra.6
                0x00019e7c      0x644 lib/libgeneric.o
 .text.simple_strtoul
                0x0001a4c0       0xac lib/libgeneric.o
                0x0001a4c0                simple_strtoul
 .text.strict_strtoul
                0x0001a56c       0x78 lib/libgeneric.o
                0x0001a56c                strict_strtoul
 .text.simple_strtol
                0x0001a5e4       0x28 lib/libgeneric.o
                0x0001a5e4                simple_strtol
 .text.simple_strtoull
                0x0001a60c      0x100 lib/libgeneric.o
                0x0001a60c                simple_strtoull
 .text.vsprintf
                0x0001a70c        0x4 lib/libgeneric.o
                0x0001a70c                vsprintf
 .text.sprintf  0x0001a710       0x24 lib/libgeneric.o
                0x0001a710                sprintf
 .text.panic    0x0001a734       0x44 lib/libgeneric.o
                0x0001a734                panic
 .text.zcfree   0x0001a778        0x8 lib/zlib/libz.o
                0x0001a778                zcfree
 .text.zcalloc  0x0001a780        0x8 lib/zlib/libz.o
                0x0001a780                zcalloc
 .text.inflate_fast
                0x0001a788      0x5c8 lib/zlib/libz.o
                0x0001a788                inflate_fast
 .text.inflate_table
                0x0001ad50      0x5c8 lib/zlib/libz.o
                0x0001ad50                inflate_table
 .text.inflateReset
                0x0001b318       0x80 lib/zlib/libz.o
                0x0001b318                inflateReset
 .text.inflateInit2_
                0x0001b398      0x108 lib/zlib/libz.o
                0x0001b398                inflateInit2_
 .text.inflateEnd
                0x0001b4a0       0x6c lib/zlib/libz.o
                0x0001b4a0                inflateEnd
 .text.adler32  0x0001b50c      0x2f8 lib/zlib/libz.o
                0x0001b50c                adler32
 .text.inflate  0x0001b804     0x1670 lib/zlib/libz.o
                0x0001b804                inflate
 .text.ArpInit  0x0001ce74       0x50 net/libnet.o
                0x0001ce74                ArpInit
 .text.arp_raw_request
                0x0001cec4       0xd0 net/libnet.o
                0x0001cec4                arp_raw_request
 .text.ArpRequest
                0x0001cf94       0x7c net/libnet.o
                0x0001cf94                ArpRequest
 .text.ArpTimeoutCheck
                0x0001d010       0x84 net/libnet.o
                0x0001d010                ArpTimeoutCheck
 .text.ArpReceive
                0x0001d094      0x228 net/libnet.o
                0x0001d094                ArpReceive
 .text.DhcpOptionsProcess
                0x0001d2bc      0x224 net/libnet.o
 .text.DhcpExtended
                0x0001d4e0      0x150 net/libnet.o
 .text.DhcpHandler
                0x0001d630      0x37c net/libnet.o
 .text.BootpRequest
                0x0001d9ac      0x214 net/libnet.o
                0x0001d9ac                BootpRequest
 .text.BootpTimeout
                0x0001dbc0       0x48 net/libnet.o
 .text.DhcpRequest
                0x0001dc08        0x4 net/libnet.o
                0x0001dc08                DhcpRequest
 .text.__def_eth_init
                0x0001dc0c        0x8 net/libnet.o
                0x0001dc0c                cpu_eth_init
 .text.eth_current_changed
                0x0001dc14       0x58 net/libnet.o
 .text.eth_parse_enetaddr
                0x0001dc6c       0x54 net/libnet.o
                0x0001dc6c                eth_parse_enetaddr
 .text.eth_getenv_enetaddr
                0x0001dcc0       0x5c net/libnet.o
                0x0001dcc0                eth_getenv_enetaddr
 .text.eth_setenv_enetaddr
                0x0001dd1c       0x34 net/libnet.o
                0x0001dd1c                eth_setenv_enetaddr
 .text.eth_getenv_enetaddr_by_index
                0x0001dd50       0x50 net/libnet.o
                0x0001dd50                eth_getenv_enetaddr_by_index
 .text.eth_get_dev_by_index
                0x0001dda0       0x44 net/libnet.o
                0x0001dda0                eth_get_dev_by_index
 .text.eth_get_dev_index
                0x0001dde4       0x1c net/libnet.o
                0x0001dde4                eth_get_dev_index
 .text.eth_write_hwaddr
                0x0001de00      0x1d0 net/libnet.o
                0x0001de00                eth_write_hwaddr
 .text.eth_register
                0x0001dfd0       0x7c net/libnet.o
                0x0001dfd0                eth_register
 .text.eth_initialize
                0x0001e04c      0x1cc net/libnet.o
                0x0001e04c                eth_initialize
 .text.eth_halt
                0x0001e218       0x30 net/libnet.o
                0x0001e218                eth_halt
 .text.eth_send
                0x0001e248       0x38 net/libnet.o
                0x0001e248                eth_send
 .text.eth_rx   0x0001e280       0x2c net/libnet.o
                0x0001e280                eth_rx
 .text.eth_try_another
                0x0001e2ac       0x80 net/libnet.o
                0x0001e2ac                eth_try_another
 .text.eth_init
                0x0001e32c       0xc8 net/libnet.o
                0x0001e32c                eth_init
 .text.eth_set_current
                0x0001e3f4       0xa8 net/libnet.o
                0x0001e3f4                eth_set_current
 .text.eth_get_name
                0x0001e49c       0x20 net/libnet.o
                0x0001e49c                eth_get_name
 .text.startAgainTimeout
                0x0001e4bc       0x14 net/libnet.o
 .text.dummy_handler
                0x0001e4d0        0x4 net/libnet.o
 .text.net_auto_load
                0x0001e4d4       0x38 net/libnet.o
                0x0001e4d4                net_auto_load
 .text.net_set_udp_handler
                0x0001e50c       0x20 net/libnet.o
                0x0001e50c                net_set_udp_handler
 .text.net_get_arp_handler
                0x0001e52c       0x10 net/libnet.o
                0x0001e52c                net_get_arp_handler
 .text.net_set_arp_handler
                0x0001e53c       0x20 net/libnet.o
                0x0001e53c                net_set_arp_handler
 .text.NetSetTimeout
                0x0001e55c       0x54 net/libnet.o
                0x0001e55c                NetSetTimeout
 .text.NetStartAgain
                0x0001e5b0      0x128 net/libnet.o
                0x0001e5b0                NetStartAgain
 .text.net_clear_handlers
                0x0001e6d8       0x24 net/libnet.o
 .text.NetCksum
                0x0001e6fc       0x38 net/libnet.o
                0x0001e6fc                NetCksum
 .text.NetCksumOk
                0x0001e734       0x24 net/libnet.o
                0x0001e734                NetCksumOk
 .text.NetReceive
                0x0001e758      0x2cc net/libnet.o
                0x0001e758                NetReceive
 .text.NetEthHdrSize
                0x0001ea24       0x40 net/libnet.o
                0x0001ea24                NetEthHdrSize
 .text.NetSetEther
                0x0001ea64       0xa8 net/libnet.o
                0x0001ea64                NetSetEther
 .text.net_update_ether
                0x0001eb0c       0x88 net/libnet.o
                0x0001eb0c                net_update_ether
 .text.net_set_ip_header
                0x0001eb94       0x88 net/libnet.o
                0x0001eb94                net_set_ip_header
 .text.net_set_udp_header
                0x0001ec1c       0xa8 net/libnet.o
                0x0001ec1c                net_set_udp_header
 .text.NetSendUDPPacket
                0x0001ecc4      0x108 net/libnet.o
                0x0001ecc4                NetSendUDPPacket
 .text.copy_filename
                0x0001edcc       0x44 net/libnet.o
                0x0001edcc                copy_filename
 .text.on_bootfile
                0x0001ee10       0x2c net/libnet.o
 .text.ip_to_string
                0x0001ee3c       0x50 net/libnet.o
                0x0001ee3c                ip_to_string
 .text.string_to_VLAN
                0x0001ee8c       0x58 net/libnet.o
                0x0001ee8c                string_to_VLAN
 .text.getenv_VLAN
                0x0001eee4       0x10 net/libnet.o
                0x0001eee4                getenv_VLAN
 .text.NetInitLoop
                0x0001eef4       0xf0 net/libnet.o
 .text.net_init
                0x0001efe4       0x70 net/libnet.o
                0x0001efe4                net_init
 .text.NetLoop  0x0001f054      0x344 net/libnet.o
                0x0001f054                NetLoop
 .text.ping_timeout
                0x0001f398       0x1c net/libnet.o
 .text.ping_start
                0x0001f3b4      0x12c net/libnet.o
                0x0001f3b4                ping_start
 .text.ping_receive
                0x0001f4e0       0xec net/libnet.o
                0x0001f4e0                ping_receive
 .text.TftpSend
                0x0001f5cc      0x1c4 net/libnet.o
 .text.TftpTimeout
                0x0001f790       0x88 net/libnet.o
 .text.TftpHandler
                0x0001f818      0x3a8 net/libnet.o
 .text.TftpStart
                0x0001fbc0      0x350 net/libnet.o
                0x0001fbc0                TftpStart
 .text          0x0001ff10        0x4 board/armltd/versatile/libversatile.o
                0x0001ff10                lowlevel_init
 .text.board_early_init_f
                0x0001ff14       0x1c board/armltd/versatile/libversatile.o
                0x0001ff14                board_early_init_f
 .text.board_init
                0x0001ff30       0x34 board/armltd/versatile/libversatile.o
                0x0001ff30                board_init
 .text.misc_init_r
                0x0001ff64       0x20 board/armltd/versatile/libversatile.o
                0x0001ff64                misc_init_r
 .text.dram_init
                0x0001ff84       0x20 board/armltd/versatile/libversatile.o
                0x0001ff84                dram_init
 .text.board_eth_init
                0x0001ffa4       0x10 board/armltd/versatile/libversatile.o
                0x0001ffa4                board_eth_init
 .text.raise    0x0001ffb4       0x1c /home/teddy/git/csaw2013/u-boot/arch/arm/lib/eabi_compat.o
                0x0001ffb4                raise
 .text          0x0001ffd0       0xc8 /usr/local/armv7-hard/bin/../lib/gcc/arm-unknown-linux-gnueabi/4.6.3/libgcc.a(_udivsi3.o)
                0x0001ffd0                __udivsi3
                0x0001ffd0                __aeabi_uidiv
                0x00020078                __aeabi_uidivmod
 .text          0x00020098       0xfc /usr/local/armv7-hard/bin/../lib/gcc/arm-unknown-linux-gnueabi/4.6.3/libgcc.a(_divsi3.o)
                0x00020098                __aeabi_idiv
                0x00020098                __divsi3
                0x00020174                __aeabi_idivmod
 .text          0x00020194       0x1c /usr/local/armv7-hard/bin/../lib/gcc/arm-unknown-linux-gnueabi/4.6.3/libgcc.a(_lshrdi3.o)
                0x00020194                __aeabi_llsr
                0x00020194                __lshrdi3
 .text          0x000201b0       0x1c /usr/local/armv7-hard/bin/../lib/gcc/arm-unknown-linux-gnueabi/4.6.3/libgcc.a(_ashldi3.o)
                0x000201b0                __ashldi3
                0x000201b0                __aeabi_llsl
 .text          0x000201cc       0x10 /usr/local/armv7-hard/bin/../lib/gcc/arm-unknown-linux-gnueabi/4.6.3/libgcc.a(_dvmd_lnx.o)
                0x000201cc                __aeabi_ldiv0
                0x000201cc                __aeabi_idiv0

.glue_7         0x000201dc        0x0
 .glue_7        0x00000000        0x0 linker stubs

.glue_7t        0x000201dc        0x0
 .glue_7t       0x00000000        0x0 linker stubs

.vfp11_veneer   0x000201dc        0x0
 .vfp11_veneer  0x00000000        0x0 linker stubs

.v4_bx          0x000201dc        0x0
 .v4_bx         0x00000000        0x0 linker stubs
                0x000201dc                . = ALIGN (0x4)

.rodata         0x000201dc     0x46af
 *(SORT(.rodata*))
 .rodata        0x000201dc       0x80 arch/arm/lib/libarm.o
 .rodata.baudrate_table
                0x0002025c       0x14 drivers/serial/libserial.o
 .rodata.boot_os
                0x00020270       0x60 common/libcommon.o
 .rodata.crc_table
                0x000202d0      0x400 lib/libgeneric.o
 .rodata.env_flags_varaccess_mask
                0x000206d0       0x10 common/libcommon.o
 .rodata.uimage_arch
                0x000206e0      0x108 common/libcommon.o
 .rodata.uimage_comp
                0x000207e8       0x48 common/libcommon.o
 .rodata.uimage_os
                0x00020830       0x60 common/libcommon.o
 .rodata.uimage_type
                0x00020890       0xcc common/libcommon.o
 .rodata.dbase.3442
                0x0002095c       0x40 lib/zlib/libz.o
 .rodata.dext.3443
                0x0002099c       0x40 lib/zlib/libz.o
 .rodata.distfix
                0x000209dc       0x80 lib/zlib/libz.o
 .rodata.lbase.3440
                0x00020a5c       0x3e lib/zlib/libz.o
 .rodata.lenfix
                0x00020a9a      0x800 lib/zlib/libz.o
 .rodata.lext.3441
                0x0002129a       0x3e lib/zlib/libz.o
 .rodata.order.3536
                0x000212d8       0x26 lib/zlib/libz.o
 .rodata        0x000212fe       0x89 common/libcommon.o
 .rodata        0x00021387       0x11 lib/libgeneric.o
 .rodata        0x00021398        0xe net/libnet.o
 .rodata.CSWTCH.18
                0x000213a6       0x16 common/libcommon.o
 .rodata.__func__.3271
                0x000213bc       0x10 common/libcommon.o
 .rodata.__func__.3436
                0x000213cc        0xe common/libcommon.o
 .rodata.__func__.3470
                0x000213da        0xe common/libcommon.o
 .rodata._ctype
                0x000213e8      0x100 lib/libgeneric.o
                0x000213e8                _ctype
 .rodata.default_environment
                0x000214e8       0x86 common/libcommon.o
                0x000214e8                default_environment
 .rodata.delims.3151
                0x0002156e        0x3 common/libcommon.o
 .rodata.env_flags_varaccess_rep
                0x00021571        0x5 common/libcommon.o
 .rodata.env_flags_vartype_rep
                0x00021576        0x7 common/libcommon.o
 .rodata.erase_seq
                0x0002157d        0x4 common/libcommon.o
 .rodata.names.3156
                0x00021581        0x6 lib/libgeneric.o
 .rodata.str1.1
                0x00021587      0x367 arch/arm/lib/libarm.o
                                0x385 (size before relaxing)
 .rodata.str1.1
                0x000218ee     0x227b common/libcommon.o
                               0x240a (size before relaxing)
 .rodata.str1.1
                0x00023b69      0x117 drivers/net/libnet.o
 .rodata.str1.1
                0x00023c80       0x89 drivers/serial/libserial.o
                                 0x92 (size before relaxing)
 .rodata.str1.1
                0x00023d09      0x250 lib/libgeneric.o
                                0x264 (size before relaxing)
 .rodata.str1.1
                0x00023f59      0x21c lib/zlib/libz.o
                                0x21d (size before relaxing)
 .rodata.str1.1
                0x00024175      0x6b1 net/libnet.o
                                0x74b (size before relaxing)
 .rodata.str1.1
                0x00000000      0x6b1 board/armltd/versatile/libversatile.o
                                  0x9 (size before relaxing)
 .rodata.str1.1
                0x00024826       0x1b /home/teddy/git/csaw2013/u-boot/arch/arm/lib/eabi_compat.o
 .rodata.tab_seq
                0x00024841        0x9 common/libcommon.o
 .rodata.version_string
                0x0002484a       0x41 common/libcommon.o
                0x0002484a                version_string

.hash           0x0002488c       0x2c
 .hash          0x0002488c       0x2c arch/arm/cpu/arm926ejs/start.o
                0x000248b8                . = ALIGN (0x4)

.data           0x000248b8      0x9ea
 *(.data*)
 .data.init_sequence
                0x000248b8       0x2c arch/arm/lib/libarm.o
                0x000248b8                init_sequence
 .data.bootm_help_text
                0x000248e4      0x245 common/libcommon.o
 *fill*         0x00024b29        0x3 00
 .data.cmd_bootm_sub
                0x00024b2c       0xc0 common/libcommon.o
 .data.dp_last_length
                0x00024bec        0x4 common/libcommon.o
 .data.env_help_text
                0x00024bf0      0x196 common/libcommon.o
 *fill*         0x00024d86        0x2 00
 .data.env_id   0x00024d88        0x4 common/libcommon.o
 .data.cmd_env_sub
                0x00024d8c       0x90 common/libcommon.o
 .data.av_      0x00024e1c      0x408 common/libcommon.o
 .data.sbrk_base
                0x00025224        0x4 common/libcommon.o
 .data.trim_threshold
                0x00025228        0x4 common/libcommon.o
 .data.env_htab
                0x0002522c       0x10 common/libcommon.o
                0x0002522c                env_htab
 .data.load_addr
                0x0002523c        0x4 common/libcommon.o
                0x0002523c                load_addr
 .data.stdio_names
                0x00025240        0xc common/libcommon.o
                0x00025240                stdio_names
 .data.pl01x_serial_drv
                0x0002524c       0x30 drivers/serial/libserial.o
 .data.baudrate
                0x0002527c        0x4 drivers/serial/libserial.o
                0x0002527c                baudrate
 .data.NetOurNativeVLAN
                0x00025280        0x2 net/libnet.o
                0x00025280                NetOurNativeVLAN
 *fill*         0x00025282        0x2 00
 .data.first_call.3332
                0x00025284        0x4 net/libnet.o
 .data.NetBcastAddr
                0x00025288        0x6 net/libnet.o
                0x00025288                NetBcastAddr
 .data.NetOurVLAN
                0x0002528e        0x2 net/libnet.o
                0x0002528e                NetOurVLAN
 .data.TftpTimeoutCountMax
                0x00025290        0x4 net/libnet.o
 .data.TftpRRQTimeoutCountMax
                0x00025294        0x4 net/libnet.o
                0x00025294                TftpRRQTimeoutCountMax
 .data.TftpBlkSizeOption
                0x00025298        0x2 net/libnet.o
 *fill*         0x0002529a        0x2 00
 .data.TftpTimeoutMSecs
                0x0002529c        0x4 net/libnet.o
 .data.TftpBlkSize
                0x000252a0        0x2 net/libnet.o

.got            0x000252a4        0x0
 .got           0x00000000        0x0 arch/arm/cpu/arm926ejs/start.o

.got.plt        0x000252a4        0xc
 .got.plt       0x000252a4        0xc arch/arm/cpu/arm926ejs/start.o
                0x000252a4                _GLOBAL_OFFSET_TABLE_
                0x000252b0                . = ALIGN (0x4)
                0x000252b0                . = .
                0x000252b0                . = ALIGN (0x4)

.u_boot_list    0x000252b0      0x2d0
 *(SORT(.u_boot_list*))
 .u_boot_list_2_cmd_1
                0x000252b0        0x0 common/libcommon.o
 .u_boot_list_2_cmd_2_base
                0x000252b0       0x18 common/libcommon.o
                0x000252b0                _u_boot_list_2_cmd_2_base
 .u_boot_list_2_cmd_2_bdinfo
                0x000252c8       0x18 common/libcommon.o
                0x000252c8                _u_boot_list_2_cmd_2_bdinfo
 .u_boot_list_2_cmd_2_bootm
                0x000252e0       0x18 common/libcommon.o
                0x000252e0                _u_boot_list_2_cmd_2_bootm
 .u_boot_list_2_cmd_2_bootp
                0x000252f8       0x18 common/libcommon.o
                0x000252f8                _u_boot_list_2_cmd_2_bootp
 .u_boot_list_2_cmd_2_cmp
                0x00025310       0x18 common/libcommon.o
                0x00025310                _u_boot_list_2_cmd_2_cmp
 .u_boot_list_2_cmd_2_cp
                0x00025328       0x18 common/libcommon.o
                0x00025328                _u_boot_list_2_cmd_2_cp
 .u_boot_list_2_cmd_2_crc32
                0x00025340       0x18 common/libcommon.o
                0x00025340                _u_boot_list_2_cmd_2_crc32
 .u_boot_list_2_cmd_2_csaw
                0x00025358       0x18 common/libcommon.o
                0x00025358                _u_boot_list_2_cmd_2_csaw
 .u_boot_list_2_cmd_2_dhcp
                0x00025370       0x18 common/libcommon.o
                0x00025370                _u_boot_list_2_cmd_2_dhcp
 .u_boot_list_2_cmd_2_env
                0x00025388       0x18 common/libcommon.o
                0x00025388                _u_boot_list_2_cmd_2_env
 .u_boot_list_2_cmd_2_erase
                0x000253a0       0x18 common/libcommon.o
                0x000253a0                _u_boot_list_2_cmd_2_erase
 .u_boot_list_2_cmd_2_flinfo
                0x000253b8       0x18 common/libcommon.o
                0x000253b8                _u_boot_list_2_cmd_2_flinfo
 .u_boot_list_2_cmd_2_go
                0x000253d0       0x18 common/libcommon.o
                0x000253d0                _u_boot_list_2_cmd_2_go
 .u_boot_list_2_cmd_2_help
                0x000253e8       0x18 common/libcommon.o
                0x000253e8                _u_boot_list_2_cmd_2_help
 .u_boot_list_2_cmd_2_iminfo
                0x00025400       0x18 common/libcommon.o
                0x00025400                _u_boot_list_2_cmd_2_iminfo
 .u_boot_list_2_cmd_2_loop
                0x00025418       0x18 common/libcommon.o
                0x00025418                _u_boot_list_2_cmd_2_loop
 .u_boot_list_2_cmd_2_md
                0x00025430       0x18 common/libcommon.o
                0x00025430                _u_boot_list_2_cmd_2_md
 .u_boot_list_2_cmd_2_mm
                0x00025448       0x18 common/libcommon.o
                0x00025448                _u_boot_list_2_cmd_2_mm
 .u_boot_list_2_cmd_2_mw
                0x00025460       0x18 common/libcommon.o
                0x00025460                _u_boot_list_2_cmd_2_mw
 .u_boot_list_2_cmd_2_nm
                0x00025478       0x18 common/libcommon.o
                0x00025478                _u_boot_list_2_cmd_2_nm
 .u_boot_list_2_cmd_2_ping
                0x00025490       0x18 common/libcommon.o
                0x00025490                _u_boot_list_2_cmd_2_ping
 .u_boot_list_2_cmd_2_printenv
                0x000254a8       0x18 common/libcommon.o
                0x000254a8                _u_boot_list_2_cmd_2_printenv
 .u_boot_list_2_cmd_2_protect
                0x000254c0       0x18 common/libcommon.o
                0x000254c0                _u_boot_list_2_cmd_2_protect
 .u_boot_list_2_cmd_2_question_mark
                0x000254d8       0x18 common/libcommon.o
                0x000254d8                _u_boot_list_2_cmd_2_question_mark
 .u_boot_list_2_cmd_2_reset
                0x000254f0       0x18 common/libcommon.o
                0x000254f0                _u_boot_list_2_cmd_2_reset
 .u_boot_list_2_cmd_2_setenv
                0x00025508       0x18 common/libcommon.o
                0x00025508                _u_boot_list_2_cmd_2_setenv
 .u_boot_list_2_cmd_2_tftpboot
                0x00025520       0x18 common/libcommon.o
                0x00025520                _u_boot_list_2_cmd_2_tftpboot
 .u_boot_list_2_cmd_2_version
                0x00025538       0x18 common/libcommon.o
                0x00025538                _u_boot_list_2_cmd_2_version
 .u_boot_list_2_cmd_3
                0x00025550        0x0 common/libcommon.o
 .u_boot_list_2_env_clbk_1
                0x00025550        0x0 common/libcommon.o
 .u_boot_list_2_env_clbk_2_baudrate
                0x00025550        0x8 drivers/serial/libserial.o
                0x00025550                _u_boot_list_2_env_clbk_2_baudrate
 .u_boot_list_2_env_clbk_2_bootfile
                0x00025558        0x8 net/libnet.o
                0x00025558                _u_boot_list_2_env_clbk_2_bootfile
 .u_boot_list_2_env_clbk_2_callbacks
                0x00025560        0x8 common/libcommon.o
                0x00025560                _u_boot_list_2_env_clbk_2_callbacks
 .u_boot_list_2_env_clbk_2_console
                0x00025568        0x8 common/libcommon.o
                0x00025568                _u_boot_list_2_env_clbk_2_console
 .u_boot_list_2_env_clbk_2_flags
                0x00025570        0x8 common/libcommon.o
                0x00025570                _u_boot_list_2_env_clbk_2_flags
 .u_boot_list_2_env_clbk_2_loadaddr
                0x00025578        0x8 common/libcommon.o
                0x00025578                _u_boot_list_2_env_clbk_2_loadaddr
 .u_boot_list_2_env_clbk_3
                0x00025580        0x0 common/libcommon.o
                0x00025580                . = ALIGN (0x4)

.image_copy_end
                0x00025580        0x0
 *(.__image_copy_end)
 .__image_copy_end
                0x00025580        0x0 arch/arm/lib/libarm.o

.rel_dyn_start  0x00025580        0x0
 *(.__rel_dyn_start)
 .__rel_dyn_start
                0x00025580        0x0 arch/arm/lib/libarm.o

.rel.dyn        0x00025580     0x2e30
 *(.rel*)
 .rel.got       0x00000000        0x0 arch/arm/cpu/arm926ejs/start.o
 .rel.plt       0x00000000        0x0 arch/arm/cpu/arm926ejs/start.o
 .rel.text      0x00025580       0x70 arch/arm/cpu/arm926ejs/start.o
 .rel.text.display_banner
                0x000255f0       0x10 arch/arm/cpu/arm926ejs/start.o
 .rel.text.init_baudrate
                0x00025600        0x8 arch/arm/cpu/arm926ejs/start.o
 .rel.text.board_init_f
                0x00025608       0x30 arch/arm/cpu/arm926ejs/start.o
 .rel.text.board_init_r
                0x00025638       0x28 arch/arm/cpu/arm926ejs/start.o
 .rel.text.boot_jump_linux
                0x00025660       0x28 arch/arm/cpu/arm926ejs/start.o
 .rel.text.boot_prep_linux.isra.3
                0x00025688       0x10 arch/arm/cpu/arm926ejs/start.o
 .rel.text.interrupt_init
                0x00025698        0x8 arch/arm/cpu/arm926ejs/start.o
 .rel.text.bad_mode
                0x000256a0        0x8 arch/arm/cpu/arm926ejs/start.o
 .rel.text.show_regs
                0x000256a8       0x50 arch/arm/cpu/arm926ejs/start.o
 .rel.text.do_undefined_instruction
                0x000256f8        0x8 arch/arm/cpu/arm926ejs/start.o
 .rel.text.do_software_interrupt
                0x00025700        0x8 arch/arm/cpu/arm926ejs/start.o
 .rel.text.do_prefetch_abort
                0x00025708        0x8 arch/arm/cpu/arm926ejs/start.o
 .rel.text.do_data_abort
                0x00025710        0x8 arch/arm/cpu/arm926ejs/start.o
 .rel.text.do_not_used
                0x00025718        0x8 arch/arm/cpu/arm926ejs/start.o
 .rel.text.do_fiq
                0x00025720        0x8 arch/arm/cpu/arm926ejs/start.o
 .rel.text.do_irq
                0x00025728        0x8 arch/arm/cpu/arm926ejs/start.o
 .rel.text.do_reset
                0x00025730        0x8 arch/arm/cpu/arm926ejs/start.o
 .rel.text.__enable_caches
                0x00025738        0x8 arch/arm/cpu/arm926ejs/start.o
 .rel.rodata    0x00025740      0x100 arch/arm/cpu/arm926ejs/start.o
 .rel.data.init_sequence
                0x00025840       0x50 arch/arm/cpu/arm926ejs/start.o
 .rel.text.print_num
                0x00025890        0x8 arch/arm/cpu/arm926ejs/start.o
 .rel.text.do_bdinfo
                0x00025898       0x98 arch/arm/cpu/arm926ejs/start.o
 .rel.text.do_go
                0x00025930       0x10 arch/arm/cpu/arm926ejs/start.o
 .rel.text.image_info
                0x00025940       0x40 arch/arm/cpu/arm926ejs/start.o
 .rel.text.do_bootm_rtems
                0x00025980        0x8 arch/arm/cpu/arm926ejs/start.o
 .rel.text.do_iminfo
                0x00025988        0x8 arch/arm/cpu/arm926ejs/start.o
 .rel.text.do_bootm_plan9
                0x00025990       0x18 arch/arm/cpu/arm926ejs/start.o
 .rel.text.do_bootm_netbsd
                0x000259a8       0x18 arch/arm/cpu/arm926ejs/start.o
 .rel.text.do_bootm_states.isra.15.constprop.16
                0x000259c0      0x108 arch/arm/cpu/arm926ejs/start.o
 .rel.text.do_bootm
                0x00025ac8       0x18 arch/arm/cpu/arm926ejs/start.o
 .rel.text.bootm_maybe_autostart
                0x00025ae0       0x20 arch/arm/cpu/arm926ejs/start.o
 .rel.text.do_csaw
                0x00025b00       0x10 arch/arm/cpu/arm926ejs/start.o
 .rel.text.do_help
                0x00025b10       0x10 arch/arm/cpu/arm926ejs/start.o
 .rel.text.do_mem_mw
                0x00025b20        0x8 arch/arm/cpu/arm926ejs/start.o
 .rel.text.do_mem_base
                0x00025b28       0x10 arch/arm/cpu/arm926ejs/start.o
 .rel.text.do_mem_cmp
                0x00025b38       0x30 arch/arm/cpu/arm926ejs/start.o
 .rel.text.do_mem_crc
                0x00025b68        0x8 arch/arm/cpu/arm926ejs/start.o
 .rel.text.do_mem_cp
                0x00025b70       0x10 arch/arm/cpu/arm926ejs/start.o
 .rel.text.do_mem_md
                0x00025b80       0x20 arch/arm/cpu/arm926ejs/start.o
 .rel.text.mod_mem.isra.2
                0x00025ba0       0x48 arch/arm/cpu/arm926ejs/start.o
 .rel.text.netboot_common
                0x00025be8       0x98 arch/arm/cpu/arm926ejs/start.o
 .rel.text.do_ping
                0x00025c80       0x18 arch/arm/cpu/arm926ejs/start.o
 .rel.text.do_env_delete
                0x00025c98       0x10 arch/arm/cpu/arm926ejs/start.o
 .rel.text.env_print
                0x00025ca8       0x18 arch/arm/cpu/arm926ejs/start.o
 .rel.text.do_env_print
                0x00025cc0       0x10 arch/arm/cpu/arm926ejs/start.o
 .rel.text.do_env
                0x00025cd0        0x8 arch/arm/cpu/arm926ejs/start.o
 .rel.text.do_env_import
                0x00025cd8       0x50 arch/arm/cpu/arm926ejs/start.o
 .rel.text.do_env_default
                0x00025d28        0x8 arch/arm/cpu/arm926ejs/start.o
 .rel.text._do_env_set.isra.0
                0x00025d30       0x30 arch/arm/cpu/arm926ejs/start.o
 .rel.text.get_env_id
                0x00025d60        0x8 arch/arm/cpu/arm926ejs/start.o
 .rel.text.setenv
                0x00025d68        0x8 arch/arm/cpu/arm926ejs/start.o
 .rel.text.setenv_hex
                0x00025d70        0x8 arch/arm/cpu/arm926ejs/start.o
 .rel.text.do_env_export
                0x00025d78       0x40 arch/arm/cpu/arm926ejs/start.o
 .rel.text.getenv_f
                0x00025db8        0x8 arch/arm/cpu/arm926ejs/start.o
 .rel.text.getenv
                0x00025dc0        0x8 arch/arm/cpu/arm926ejs/start.o
 .rel.text.do_version
                0x00025dc8       0x20 arch/arm/cpu/arm926ejs/start.o
 .rel.text.find_cmd
                0x00025de8       0x10 arch/arm/cpu/arm926ejs/start.o
 .rel.text.cmd_usage
                0x00025df8       0x18 arch/arm/cpu/arm926ejs/start.o
 .rel.text._do_help
                0x00025e10       0x10 arch/arm/cpu/arm926ejs/start.o
 .rel.text.cmd_get_data_size
                0x00025e20        0x8 arch/arm/cpu/arm926ejs/start.o
 .rel.text.cmd_process
                0x00025e28        0x8 arch/arm/cpu/arm926ejs/start.o
 .rel.text.console_setfile
                0x00025e30       0x10 arch/arm/cpu/arm926ejs/start.o
 .rel.text.fgetc
                0x00025e40        0x8 arch/arm/cpu/arm926ejs/start.o
 .rel.text.ftstc
                0x00025e48        0x8 arch/arm/cpu/arm926ejs/start.o
 .rel.text.fputc
                0x00025e50        0x8 arch/arm/cpu/arm926ejs/start.o
 .rel.text.fputs
                0x00025e58        0x8 arch/arm/cpu/arm926ejs/start.o
 .rel.text.ctrlc
                0x00025e60       0x10 arch/arm/cpu/arm926ejs/start.o
 .rel.text.disable_ctrlc
                0x00000000        0x0 arch/arm/cpu/arm926ejs/start.o
 .rel.text.had_ctrlc
                0x00025e70        0x8 arch/arm/cpu/arm926ejs/start.o
 .rel.text.clear_ctrlc
                0x00025e78        0x8 arch/arm/cpu/arm926ejs/start.o
 .rel.text.on_console
                0x00025e80       0x20 arch/arm/cpu/arm926ejs/start.o
 .rel.text.stdio_print_current_devices
                0x00025ea0       0x40 arch/arm/cpu/arm926ejs/start.o
 .rel.text.console_init_r
                0x00025ee0       0x10 arch/arm/cpu/arm926ejs/start.o
 .rel.text.sbrk
                0x00025ef0       0x18 arch/arm/cpu/arm926ejs/start.o
 .rel.text.mem_malloc_init
                0x00025f08       0x18 arch/arm/cpu/arm926ejs/start.o
 .rel.text.malloc_trim
                0x00025f20       0x18 arch/arm/cpu/arm926ejs/start.o
 .rel.text.free
                0x00025f38       0x18 arch/arm/cpu/arm926ejs/start.o
 .rel.text.malloc
                0x00025f50       0x40 arch/arm/cpu/arm926ejs/start.o
 .rel.text.calloc
                0x00025f90        0x8 arch/arm/cpu/arm926ejs/start.o
 .rel.text.realloc
                0x00000000        0x0 arch/arm/cpu/arm926ejs/start.o
 .rel.text.mallopt
                0x00000000        0x0 arch/arm/cpu/arm926ejs/start.o
 .rel.text.env_attr_lookup
                0x00025f98        0x8 arch/arm/cpu/arm926ejs/start.o
 .rel.text.on_callbacks
                0x00025fa0       0x20 arch/arm/cpu/arm926ejs/start.o
 .rel.text.find_env_callback
                0x00025fc0       0x10 arch/arm/cpu/arm926ejs/start.o
 .rel.text.set_callback
                0x00025fd0        0x8 arch/arm/cpu/arm926ejs/start.o
 .rel.text.env_callback_init
                0x00025fd8       0x10 arch/arm/cpu/arm926ejs/start.o
 .rel.text.env_get_addr
                0x00025fe8        0x8 arch/arm/cpu/arm926ejs/start.o
 .rel.text.env_get_char
                0x00025ff0        0x8 arch/arm/cpu/arm926ejs/start.o
 .rel.text.set_default_env
                0x00025ff8       0x40 arch/arm/cpu/arm926ejs/start.o
 .rel.text.set_default_vars
                0x00026038       0x10 arch/arm/cpu/arm926ejs/start.o
 .rel.text.env_import
                0x00000000        0x0 arch/arm/cpu/arm926ejs/start.o
 .rel.text.skip_num
                0x00026048        0x8 arch/arm/cpu/arm926ejs/start.o
 .rel.text.on_flags
                0x00026050       0x20 arch/arm/cpu/arm926ejs/start.o
 .rel.text.env_flags_parse_vartype
                0x00026070       0x10 arch/arm/cpu/arm926ejs/start.o
 .rel.text.env_flags_parse_varaccess
                0x00026080       0x10 arch/arm/cpu/arm926ejs/start.o
 .rel.text.set_flags
                0x00026090       0x10 arch/arm/cpu/arm926ejs/start.o
 .rel.text.env_flags_parse_varaccess_from_binflags
                0x00000000        0x0 arch/arm/cpu/arm926ejs/start.o
 .rel.text.env_flags_init
                0x000260a0       0x20 arch/arm/cpu/arm926ejs/start.o
 .rel.text.env_flags_validate
                0x000260c0       0x68 arch/arm/cpu/arm926ejs/start.o
 .rel.text.env_init
                0x00026128        0x8 arch/arm/cpu/arm926ejs/start.o
 .rel.text.jumptable_init
                0x00026130       0x98 arch/arm/cpu/arm926ejs/start.o
 .rel.text.hash_block
                0x00000000        0x0 arch/arm/cpu/arm926ejs/start.o
 .rel.text.hash_command
                0x000261c8        0x8 arch/arm/cpu/arm926ejs/start.o
 .rel.text.on_loadaddr
                0x000261d0        0x8 arch/arm/cpu/arm926ejs/start.o
 .rel.text.getenv_bootm_low
                0x000261d8        0x8 arch/arm/cpu/arm926ejs/start.o
 .rel.text.getenv_bootm_size
                0x000261e0       0x10 arch/arm/cpu/arm926ejs/start.o
 .rel.text.getenv_bootm_mapsize
                0x00000000        0x0 arch/arm/cpu/arm926ejs/start.o
 .rel.text.genimg_print_size
                0x000261f0       0x10 arch/arm/cpu/arm926ejs/start.o
 .rel.text.genimg_get_os_name
                0x00026200       0x10 arch/arm/cpu/arm926ejs/start.o
 .rel.text.genimg_get_arch_name
                0x00026210       0x10 arch/arm/cpu/arm926ejs/start.o
 .rel.text.genimg_get_type_name
                0x00026220       0x10 arch/arm/cpu/arm926ejs/start.o
 .rel.text.genimg_get_comp_name
                0x00026230       0x10 arch/arm/cpu/arm926ejs/start.o
 .rel.text.image_print_contents
                0x00026240       0x50 arch/arm/cpu/arm926ejs/start.o
 .rel.text.genimg_get_os_id
                0x00000000        0x0 arch/arm/cpu/arm926ejs/start.o
 .rel.text.genimg_get_arch_id
                0x00000000        0x0 arch/arm/cpu/arm926ejs/start.o
 .rel.text.genimg_get_type_id
                0x00000000        0x0 arch/arm/cpu/arm926ejs/start.o
 .rel.text.genimg_get_comp_id
                0x00000000        0x0 arch/arm/cpu/arm926ejs/start.o
 .rel.text.boot_get_ramdisk
                0x00026290       0x50 arch/arm/cpu/arm926ejs/start.o
 .rel.text.boot_ramdisk_high
                0x000262e0       0x20 arch/arm/cpu/arm926ejs/start.o
 .rel.text.delete_char.part.1
                0x00026300       0x10 arch/arm/cpu/arm926ejs/start.o
 .rel.text.readline_into_buffer
                0x00026310       0x18 arch/arm/cpu/arm926ejs/start.o
 .rel.text.readline
                0x00026328        0x8 arch/arm/cpu/arm926ejs/start.o
 .rel.text.parse_line
                0x00026330        0x8 arch/arm/cpu/arm926ejs/start.o
 .rel.text.builtin_run_command
                0x00026338        0x8 arch/arm/cpu/arm926ejs/start.o
 .rel.text.main_loop
                0x00026340       0x40 arch/arm/cpu/arm926ejs/start.o
 .rel.text.srec_decode
                0x00000000        0x0 arch/arm/cpu/arm926ejs/start.o
 .rel.text.stdio_get_list
                0x00026380        0x8 arch/arm/cpu/arm926ejs/start.o
 .rel.text.stdio_get_by_name
                0x00026388        0x8 arch/arm/cpu/arm926ejs/start.o
 .rel.text.stdio_register
                0x00026390        0x8 arch/arm/cpu/arm926ejs/start.o
 .rel.text.stdio_init
                0x00026398       0x30 arch/arm/cpu/arm926ejs/start.o
 .rel.text.xyzModem_get_hdr
                0x00000000        0x0 arch/arm/cpu/arm926ejs/start.o
 .rel.text.xyzModem_stream_open
                0x00000000        0x0 arch/arm/cpu/arm926ejs/start.o
 .rel.text.xyzModem_stream_read
                0x00000000        0x0 arch/arm/cpu/arm926ejs/start.o
 .rel.text.xyzModem_stream_close
                0x00000000        0x0 arch/arm/cpu/arm926ejs/start.o
 .rel.text.xyzModem_stream_terminate
                0x00000000        0x0 arch/arm/cpu/arm926ejs/start.o
 .rel.text.xyzModem_error
                0x00000000        0x0 arch/arm/cpu/arm926ejs/start.o
 .rel.rodata.boot_os
                0x000263c8       0x20 arch/arm/cpu/arm926ejs/start.o
 .rel.rodata.uimage_comp
                0x000263e8       0x60 arch/arm/cpu/arm926ejs/start.o
 .rel.rodata.uimage_os
                0x00026448       0x78 arch/arm/cpu/arm926ejs/start.o
 .rel.rodata.uimage_arch
                0x000264c0      0x158 arch/arm/cpu/arm926ejs/start.o
 .rel.rodata.uimage_type
                0x00026618      0x108 arch/arm/cpu/arm926ejs/start.o
 .rel.rodata.CSWTCH.13
                0x00000000        0x0 arch/arm/cpu/arm926ejs/start.o
 .rel.u_boot_list_2_cmd_2_bdinfo
                0x00026720       0x20 arch/arm/cpu/arm926ejs/start.o
 .rel.u_boot_list_2_cmd_2_go
                0x00026740       0x20 arch/arm/cpu/arm926ejs/start.o
 .rel.u_boot_list_2_cmd_2_reset
                0x00026760       0x20 arch/arm/cpu/arm926ejs/start.o
 .rel.u_boot_list_2_cmd_2_iminfo
                0x00026780       0x20 arch/arm/cpu/arm926ejs/start.o
 .rel.u_boot_list_2_cmd_2_bootm
                0x000267a0       0x20 arch/arm/cpu/arm926ejs/start.o
 .rel.data.cmd_bootm_sub
                0x000267c0       0xc0 arch/arm/cpu/arm926ejs/start.o
 .rel.u_boot_list_2_cmd_2_csaw
                0x00026880       0x20 arch/arm/cpu/arm926ejs/start.o
 .rel.u_boot_list_2_cmd_2_protect
                0x000268a0       0x20 arch/arm/cpu/arm926ejs/start.o
 .rel.u_boot_list_2_cmd_2_erase
                0x000268c0       0x20 arch/arm/cpu/arm926ejs/start.o
 .rel.u_boot_list_2_cmd_2_flinfo
                0x000268e0       0x20 arch/arm/cpu/arm926ejs/start.o
 .rel.u_boot_list_2_cmd_2_question_mark
                0x00026900       0x20 arch/arm/cpu/arm926ejs/start.o
 .rel.u_boot_list_2_cmd_2_help
                0x00026920       0x20 arch/arm/cpu/arm926ejs/start.o
 .rel.u_boot_list_2_cmd_2_base
                0x00026940       0x20 arch/arm/cpu/arm926ejs/start.o
 .rel.u_boot_list_2_cmd_2_cmp
                0x00026960       0x20 arch/arm/cpu/arm926ejs/start.o
 .rel.u_boot_list_2_cmd_2_nm
                0x00026980       0x20 arch/arm/cpu/arm926ejs/start.o
 .rel.u_boot_list_2_cmd_2_loop
                0x000269a0       0x20 arch/arm/cpu/arm926ejs/start.o
 .rel.u_boot_list_2_cmd_2_cp
                0x000269c0       0x20 arch/arm/cpu/arm926ejs/start.o
 .rel.u_boot_list_2_cmd_2_mm
                0x000269e0       0x20 arch/arm/cpu/arm926ejs/start.o
 .rel.u_boot_list_2_cmd_2_crc32
                0x00026a00       0x20 arch/arm/cpu/arm926ejs/start.o
 .rel.u_boot_list_2_cmd_2_md
                0x00026a20       0x20 arch/arm/cpu/arm926ejs/start.o
 .rel.u_boot_list_2_cmd_2_mw
                0x00026a40       0x20 arch/arm/cpu/arm926ejs/start.o
 .rel.u_boot_list_2_cmd_2_ping
                0x00026a60       0x20 arch/arm/cpu/arm926ejs/start.o
 .rel.u_boot_list_2_cmd_2_dhcp
                0x00026a80       0x20 arch/arm/cpu/arm926ejs/start.o
 .rel.u_boot_list_2_cmd_2_bootp
                0x00026aa0       0x20 arch/arm/cpu/arm926ejs/start.o
 .rel.u_boot_list_2_cmd_2_tftpboot
                0x00026ac0       0x20 arch/arm/cpu/arm926ejs/start.o
 .rel.u_boot_list_2_cmd_2_setenv
                0x00026ae0       0x20 arch/arm/cpu/arm926ejs/start.o
 .rel.u_boot_list_2_cmd_2_env
                0x00026b00       0x20 arch/arm/cpu/arm926ejs/start.o
 .rel.data.cmd_env_sub
                0x00026b20       0xc0 arch/arm/cpu/arm926ejs/start.o
 .rel.u_boot_list_2_cmd_2_printenv
                0x00026be0       0x20 arch/arm/cpu/arm926ejs/start.o
 .rel.u_boot_list_2_cmd_2_version
                0x00026c00       0x20 arch/arm/cpu/arm926ejs/start.o
 .rel.u_boot_list_2_env_clbk_2_console
                0x00026c20       0x10 arch/arm/cpu/arm926ejs/start.o
 .rel.data.av_  0x00026c30      0x800 arch/arm/cpu/arm926ejs/start.o
 .rel.u_boot_list_2_env_clbk_2_callbacks
                0x00027430       0x10 arch/arm/cpu/arm926ejs/start.o
 .rel.data.env_htab
                0x00027440        0x8 arch/arm/cpu/arm926ejs/start.o
 .rel.u_boot_list_2_env_clbk_2_flags
                0x00027448       0x10 arch/arm/cpu/arm926ejs/start.o
 .rel.data.hash_algo
                0x00000000        0x0 arch/arm/cpu/arm926ejs/start.o
 .rel.u_boot_list_2_env_clbk_2_loadaddr
                0x00027458       0x10 arch/arm/cpu/arm926ejs/start.o
 .rel.data.stdio_names
                0x00027468       0x18 arch/arm/cpu/arm926ejs/start.o
 .rel.text.get_device
                0x00000000        0x0 arch/arm/cpu/arm926ejs/start.o
 .rel.text.get_device_and_partition
                0x00000000        0x0 arch/arm/cpu/arm926ejs/start.o
 .rel.text.input_send_keycodes
                0x00000000        0x0 arch/arm/cpu/arm926ejs/start.o
 .rel.text.input_init
                0x00000000        0x0 arch/arm/cpu/arm926ejs/start.o
 .rel.text.input_stdio_register
                0x00000000        0x0 arch/arm/cpu/arm926ejs/start.o
 .rel.rodata.kbd_to_ansi364
                0x00000000        0x0 arch/arm/cpu/arm926ejs/start.o
 .rel.text.flash_isequal
                0x00000000        0x0 arch/arm/cpu/arm926ejs/start.o
 .rel.text.flash_isset
                0x00000000        0x0 arch/arm/cpu/arm926ejs/start.o
 .rel.text.find_sector
                0x00000000        0x0 arch/arm/cpu/arm926ejs/start.o
 .rel.text.flash_add_byte.isra.5
                0x00000000        0x0 arch/arm/cpu/arm926ejs/start.o
 .rel.text.flash_get_info
                0x00000000        0x0 arch/arm/cpu/arm926ejs/start.o
 .rel.text.flash_write_cmd
                0x00000000        0x0 arch/arm/cpu/arm926ejs/start.o
 .rel.text.flash_status_check
                0x00000000        0x0 arch/arm/cpu/arm926ejs/start.o
 .rel.text.flash_full_status_check
                0x00000000        0x0 arch/arm/cpu/arm926ejs/start.o
 .rel.text.flash_write_cfiword
                0x00000000        0x0 arch/arm/cpu/arm926ejs/start.o
 .rel.text.flash_erase
                0x00000000        0x0 arch/arm/cpu/arm926ejs/start.o
 .rel.text.flash_print_info
                0x00000000        0x0 arch/arm/cpu/arm926ejs/start.o
 .rel.text.write_buff
                0x00000000        0x0 arch/arm/cpu/arm926ejs/start.o
 .rel.text.flash_real_protect
                0x00000000        0x0 arch/arm/cpu/arm926ejs/start.o
 .rel.text.flash_get_size
                0x00000000        0x0 arch/arm/cpu/arm926ejs/start.o
 .rel.text.flash_protect_default
                0x00000000        0x0 arch/arm/cpu/arm926ejs/start.o
 .rel.text.flash_init
                0x00000000        0x0 arch/arm/cpu/arm926ejs/start.o
 .rel.text.smc_rcv
                0x00027480        0x8 arch/arm/cpu/arm926ejs/start.o
 .rel.text.smc_send
                0x00027488       0x20 arch/arm/cpu/arm926ejs/start.o
 .rel.text.smc_init
                0x000274a8       0x38 arch/arm/cpu/arm926ejs/start.o
 .rel.text.smc91111_initialize
                0x000274e0       0x38 arch/arm/cpu/arm926ejs/start.o
 .rel.text.get_current
                0x00027518       0x10 arch/arm/cpu/arm926ejs/start.o
 .rel.text.serial_register
                0x00027528        0x8 arch/arm/cpu/arm926ejs/start.o
 .rel.text.serial_stdio_init
                0x00027530        0x8 arch/arm/cpu/arm926ejs/start.o
 .rel.text.serial_assign
                0x00027538       0x10 arch/arm/cpu/arm926ejs/start.o
 .rel.text.serial_reinit_all
                0x00000000        0x0 arch/arm/cpu/arm926ejs/start.o
 .rel.text.on_baudrate
                0x00027548       0x20 arch/arm/cpu/arm926ejs/start.o
 .rel.text.pl01x_serial_init
                0x00027568        0x8 arch/arm/cpu/arm926ejs/start.o
 .rel.text.pl01x_serial_setbrg
                0x00027570        0x8 arch/arm/cpu/arm926ejs/start.o
 .rel.text.pl01x_serial_initialize
                0x00027578        0x8 arch/arm/cpu/arm926ejs/start.o
 .rel.text.default_serial_console
                0x00027580        0x8 arch/arm/cpu/arm926ejs/start.o
 .rel.u_boot_list_2_env_clbk_2_baudrate
                0x00027588       0x10 arch/arm/cpu/arm926ejs/start.o
 .rel.data.pl01x_serial_drv
                0x00027598       0x30 arch/arm/cpu/arm926ejs/start.o
 .rel.text.fs_probe_unsupported
                0x00000000        0x0 arch/arm/cpu/arm926ejs/start.o
 .rel.text.fs_set_blk_dev
                0x00000000        0x0 arch/arm/cpu/arm926ejs/start.o
 .rel.text.fs_ls
                0x00000000        0x0 arch/arm/cpu/arm926ejs/start.o
 .rel.text.fs_read
                0x00000000        0x0 arch/arm/cpu/arm926ejs/start.o
 .rel.text.fs_write
                0x00000000        0x0 arch/arm/cpu/arm926ejs/start.o
 .rel.text.do_load
                0x00000000        0x0 arch/arm/cpu/arm926ejs/start.o
 .rel.text.do_ls
                0x00000000        0x0 arch/arm/cpu/arm926ejs/start.o
 .rel.text.do_save
                0x00000000        0x0 arch/arm/cpu/arm926ejs/start.o
 .rel.data.fstypes
                0x00000000        0x0 arch/arm/cpu/arm926ejs/start.o
 .rel.text.cyg_crc16
                0x00000000        0x0 arch/arm/cpu/arm926ejs/start.o
 .rel.text.crc32_no_comp
                0x000275c8        0x8 arch/arm/cpu/arm926ejs/start.o
 .rel.text.crc7
                0x00000000        0x0 arch/arm/cpu/arm926ejs/start.o
 .rel.text.display_options
                0x00000000        0x0 arch/arm/cpu/arm926ejs/start.o
 .rel.text.print_size
                0x000275d0       0x28 arch/arm/cpu/arm926ejs/start.o
 .rel.text.print_buffer
                0x000275f8       0x28 arch/arm/cpu/arm926ejs/start.o
 .rel.text.zunzip
                0x00027620       0x28 arch/arm/cpu/arm926ejs/start.o
 .rel.text.gunzip
                0x00027648       0x10 arch/arm/cpu/arm926ejs/start.o
 .rel.text.hang
                0x00027658        0x8 arch/arm/cpu/arm926ejs/start.o
 .rel.text.match_string.isra.3
                0x00027660        0x8 arch/arm/cpu/arm926ejs/start.o
 .rel.text.hcreate_r
                0x00027668        0x8 arch/arm/cpu/arm926ejs/start.o
 .rel.text.hdestroy_r
                0x00027670        0x8 arch/arm/cpu/arm926ejs/start.o
 .rel.text.hmatch_r
                0x00000000        0x0 arch/arm/cpu/arm926ejs/start.o
 .rel.text.hsearch_r
                0x00027678        0x8 arch/arm/cpu/arm926ejs/start.o
 .rel.text.hdelete_r
                0x00027680        0x8 arch/arm/cpu/arm926ejs/start.o
 .rel.text.hexport_r
                0x00027688       0x18 arch/arm/cpu/arm926ejs/start.o
 .rel.text.himport_r
                0x000276a0       0x20 arch/arm/cpu/arm926ejs/start.o
 .rel.text.skip_spaces
                0x000276c0        0x8 arch/arm/cpu/arm926ejs/start.o
 .rel.text.strim
                0x000276c8        0x8 arch/arm/cpu/arm926ejs/start.o
 .rel.text.lmb_alloc_base
                0x000276d0        0x8 arch/arm/cpu/arm926ejs/start.o
 .rel.text.strncasecmp
                0x00000000        0x0 arch/arm/cpu/arm926ejs/start.o
 .rel.text.strtok
                0x00000000        0x0 arch/arm/cpu/arm926ejs/start.o
 .rel.text.strmhz
                0x00000000        0x0 arch/arm/cpu/arm926ejs/start.o
 .rel.text.string.isra.0
                0x000276d8        0x8 arch/arm/cpu/arm926ejs/start.o
 .rel.text.number.isra.4
                0x000276e0        0x8 arch/arm/cpu/arm926ejs/start.o
 .rel.text.vsnprintf_internal.isra.6
                0x000276e8       0x10 arch/arm/cpu/arm926ejs/start.o
 .rel.text.simple_strtoul
                0x000276f8        0x8 arch/arm/cpu/arm926ejs/start.o
 .rel.text.simple_strtoull
                0x00027700        0x8 arch/arm/cpu/arm926ejs/start.o
 .rel.text.__assert_fail
                0x00000000        0x0 arch/arm/cpu/arm926ejs/start.o
 .rel.text.simple_itoa
                0x00000000        0x0 arch/arm/cpu/arm926ejs/start.o
 .rel.text.print_grouped_ull
                0x00000000        0x0 arch/arm/cpu/arm926ejs/start.o
 .rel.text.inflate_fast
                0x00027708       0x18 arch/arm/cpu/arm926ejs/start.o
 .rel.text.inflate_table
                0x00027720       0x20 arch/arm/cpu/arm926ejs/start.o
 .rel.text.inflateInit2_
                0x00027740       0x10 arch/arm/cpu/arm926ejs/start.o
 .rel.text.inflate
                0x00027750      0x188 arch/arm/cpu/arm926ejs/start.o
 .rel.rodata.z_errmsg
                0x00000000        0x0 arch/arm/cpu/arm926ejs/start.o
 .rel.text.ArpInit
                0x000278d8       0x30 arch/arm/cpu/arm926ejs/start.o
 .rel.text.arp_raw_request
                0x00027908       0x18 arch/arm/cpu/arm926ejs/start.o
 .rel.text.ArpRequest
                0x00027920       0x38 arch/arm/cpu/arm926ejs/start.o
 .rel.text.ArpTimeoutCheck
                0x00027958       0x20 arch/arm/cpu/arm926ejs/start.o
 .rel.text.ArpReceive
                0x00027978       0x40 arch/arm/cpu/arm926ejs/start.o
 .rel.text.DhcpOptionsProcess
                0x000279b8       0x68 arch/arm/cpu/arm926ejs/start.o
 .rel.text.DhcpHandler
                0x00027a20       0x78 arch/arm/cpu/arm926ejs/start.o
 .rel.text.BootpRequest
                0x00027a98       0x50 arch/arm/cpu/arm926ejs/start.o
 .rel.text.BootpTimeout
                0x00027ae8       0x18 arch/arm/cpu/arm926ejs/start.o
 .rel.text.eth_current_changed
                0x00027b00       0x10 arch/arm/cpu/arm926ejs/start.o
 .rel.text.eth_setenv_enetaddr
                0x00027b10        0x8 arch/arm/cpu/arm926ejs/start.o
 .rel.text.eth_getenv_enetaddr_by_index
                0x00027b18       0x10 arch/arm/cpu/arm926ejs/start.o
 .rel.text.eth_get_dev_by_name
                0x00000000        0x0 arch/arm/cpu/arm926ejs/start.o
 .rel.text.eth_get_dev_by_index
                0x00027b28        0x8 arch/arm/cpu/arm926ejs/start.o
 .rel.text.eth_get_dev_index
                0x00027b30        0x8 arch/arm/cpu/arm926ejs/start.o
 .rel.text.eth_write_hwaddr
                0x00027b38       0x48 arch/arm/cpu/arm926ejs/start.o
 .rel.text.eth_register
                0x00027b80       0x18 arch/arm/cpu/arm926ejs/start.o
 .rel.text.eth_unregister
                0x00000000        0x0 arch/arm/cpu/arm926ejs/start.o
 .rel.text.eth_initialize
                0x00027b98       0x90 arch/arm/cpu/arm926ejs/start.o
 .rel.text.eth_halt
                0x00027c28        0x8 arch/arm/cpu/arm926ejs/start.o
 .rel.text.eth_send
                0x00027c30        0x8 arch/arm/cpu/arm926ejs/start.o
 .rel.text.eth_rx
                0x00027c38        0x8 arch/arm/cpu/arm926ejs/start.o
 .rel.text.eth_try_another
                0x00027c40       0x28 arch/arm/cpu/arm926ejs/start.o
 .rel.text.eth_init
                0x00027c68       0x20 arch/arm/cpu/arm926ejs/start.o
 .rel.text.eth_set_current
                0x00027c88       0x20 arch/arm/cpu/arm926ejs/start.o
 .rel.text.eth_get_name
                0x00027ca8       0x10 arch/arm/cpu/arm926ejs/start.o
 .rel.text.startAgainTimeout
                0x00027cb8        0x8 arch/arm/cpu/arm926ejs/start.o
 .rel.text.net_auto_load
                0x00027cc0       0x10 arch/arm/cpu/arm926ejs/start.o
 .rel.text.net_get_udp_handler
                0x00000000        0x0 arch/arm/cpu/arm926ejs/start.o
 .rel.text.net_set_udp_handler
                0x00027cd0       0x10 arch/arm/cpu/arm926ejs/start.o
 .rel.text.net_get_arp_handler
                0x00027ce0        0x8 arch/arm/cpu/arm926ejs/start.o
 .rel.text.net_set_arp_handler
                0x00027ce8       0x10 arch/arm/cpu/arm926ejs/start.o
 .rel.text.NetSetTimeout
                0x00027cf8       0x18 arch/arm/cpu/arm926ejs/start.o
 .rel.text.NetStartAgain
                0x00027d10       0x50 arch/arm/cpu/arm926ejs/start.o
 .rel.text.NetReceive
                0x00027d60       0x38 arch/arm/cpu/arm926ejs/start.o
 .rel.text.NetEthHdrSize
                0x00027d98        0x8 arch/arm/cpu/arm926ejs/start.o
 .rel.text.NetSetEther
                0x00027da0       0x10 arch/arm/cpu/arm926ejs/start.o
 .rel.text.net_update_ether
                0x00027db0        0x8 arch/arm/cpu/arm926ejs/start.o
 .rel.text.net_set_ip_header
                0x00027db8        0x8 arch/arm/cpu/arm926ejs/start.o
 .rel.text.net_set_udp_header
                0x00027dc0        0x8 arch/arm/cpu/arm926ejs/start.o
 .rel.text.NetSendUDPPacket
                0x00027dc8       0x40 arch/arm/cpu/arm926ejs/start.o
 .rel.text.on_bootfile
                0x00027e08        0x8 arch/arm/cpu/arm926ejs/start.o
 .rel.text.ip_to_string
                0x00027e10        0x8 arch/arm/cpu/arm926ejs/start.o
 .rel.text.VLAN_to_string
                0x00000000        0x0 arch/arm/cpu/arm926ejs/start.o
 .rel.text.NetInitLoop
                0x00027e18       0x78 arch/arm/cpu/arm926ejs/start.o
 .rel.text.net_init
                0x00027e90       0x20 arch/arm/cpu/arm926ejs/start.o
 .rel.text.NetLoop
                0x00027eb0      0x178 arch/arm/cpu/arm926ejs/start.o
 .rel.text.ping_timeout
                0x00028028        0x8 arch/arm/cpu/arm926ejs/start.o
 .rel.text.ping_start
                0x00028030       0x58 arch/arm/cpu/arm926ejs/start.o
 .rel.text.ping_receive
                0x00028088       0x18 arch/arm/cpu/arm926ejs/start.o
 .rel.text.TftpSend
                0x000280a0       0xb8 arch/arm/cpu/arm926ejs/start.o
 .rel.text.TftpTimeout
                0x00028158       0x40 arch/arm/cpu/arm926ejs/start.o
 .rel.text.TftpHandler
                0x00028198       0xc0 arch/arm/cpu/arm926ejs/start.o
 .rel.text.TftpStart
                0x00028258      0x130 arch/arm/cpu/arm926ejs/start.o
 .rel.u_boot_list_2_env_clbk_2_bootfile
                0x00028388       0x10 arch/arm/cpu/arm926ejs/start.o
 .rel.text.misc_init_r
                0x00028398       0x10 arch/arm/cpu/arm926ejs/start.o
 .rel.text.raise
                0x000283a8        0x8 arch/arm/cpu/arm926ejs/start.o

.rel_dyn_end    0x000283b0        0x0
 *(.__rel_dyn_end)
 .__rel_dyn_end
                0x000283b0        0x0 arch/arm/lib/libarm.o
                0x000283b0                _end = .
                0x00029000                . = ALIGN (0x1000)

.mmutable
 *(.mmutable)

.bss_start      0x00025580        0x0
 *(.__bss_start)
 .__bss_start   0x00025580        0x0 arch/arm/lib/libarm.o
                0x00025580                __bss_start
                0x00025580                __bss_base = .

.bss            0x00025580     0x2af4
 *(.bss*)
 .bss.monitor_flash_len
                0x00025580        0x4 arch/arm/lib/libarm.o
                0x00025580                monitor_flash_len
 .bss.params    0x00025584        0x4 arch/arm/lib/libarm.o
 .bss.images    0x00025588      0x130 common/libcommon.o
                0x00025588                images
 .bss.dp_last_addr
                0x000256b8        0x4 common/libcommon.o
 .bss.base_address
                0x000256bc        0x4 common/libcommon.o
 .bss.mm_last_size
                0x000256c0        0x4 common/libcommon.o
 .bss.mm_last_addr
                0x000256c4        0x4 common/libcommon.o
 .bss.dp_last_size
                0x000256c8        0x4 common/libcommon.o
 .bss.ctrlc_was_pressed
                0x000256cc        0x4 common/libcommon.o
 .bss.ctrlc_disabled
                0x000256d0        0x4 common/libcommon.o
 .bss.max_total_mem
                0x000256d4        0x4 common/libcommon.o
 .bss.mem_malloc_brk
                0x000256d8        0x4 common/libcommon.o
                0x000256d8                mem_malloc_brk
 .bss.max_sbrked_mem
                0x000256dc        0x4 common/libcommon.o
 .bss.current_mallinfo
                0x000256e0       0x28 common/libcommon.o
 .bss.mem_malloc_end
                0x00025708        0x4 common/libcommon.o
                0x00025708                mem_malloc_end
 .bss.top_pad   0x0002570c        0x4 common/libcommon.o
 .bss.mem_malloc_start
                0x00025710        0x4 common/libcommon.o
                0x00025710                mem_malloc_start
 .bss.lastcommand.3858
                0x00025714      0x100 common/libcommon.o
 .bss.console_buffer
                0x00025814      0x101 common/libcommon.o
                0x00025814                console_buffer